Archive member included to satisfy reference by file (symbol)

c:/program files (x86)/atollic/truestudio for stm32 9.2.0/armtools/bin/../lib/gcc/arm-atollic-eabi/6.3.1/../../../../arm-atollic-eabi/lib/armv7e-m/fpu\libc_nano.a(lib_a-efgcvt.o)
                              Src\stm32l4xx_it.o (gcvt)
c:/program files (x86)/atollic/truestudio for stm32 9.2.0/armtools/bin/../lib/gcc/arm-atollic-eabi/6.3.1/../../../../arm-atollic-eabi/lib/armv7e-m/fpu\libc_nano.a(lib_a-impure.o)
                              c:/program files (x86)/atollic/truestudio for stm32 9.2.0/armtools/bin/../lib/gcc/arm-atollic-eabi/6.3.1/../../../../arm-atollic-eabi/lib/armv7e-m/fpu\libc_nano.a(lib_a-efgcvt.o) (_impure_ptr)
c:/program files (x86)/atollic/truestudio for stm32 9.2.0/armtools/bin/../lib/gcc/arm-atollic-eabi/6.3.1/../../../../arm-atollic-eabi/lib/armv7e-m/fpu\libc_nano.a(lib_a-init.o)
                              startup\startup_stm32l475xx.o (__libc_init_array)
c:/program files (x86)/atollic/truestudio for stm32 9.2.0/armtools/bin/../lib/gcc/arm-atollic-eabi/6.3.1/../../../../arm-atollic-eabi/lib/armv7e-m/fpu\libc_nano.a(lib_a-memcpy-stub.o)
                              Drivers\BSP\Components\m24sr\m24sr.o (memcpy)
c:/program files (x86)/atollic/truestudio for stm32 9.2.0/armtools/bin/../lib/gcc/arm-atollic-eabi/6.3.1/../../../../arm-atollic-eabi/lib/armv7e-m/fpu\libc_nano.a(lib_a-memset.o)
                              Drivers\BSP\Components\m24sr\m24sr.o (memset)
c:/program files (x86)/atollic/truestudio for stm32 9.2.0/armtools/bin/../lib/gcc/arm-atollic-eabi/6.3.1/../../../../arm-atollic-eabi/lib/armv7e-m/fpu\libc_nano.a(lib_a-nano-vfprintf_float.o)
                              (_printf_float)
c:/program files (x86)/atollic/truestudio for stm32 9.2.0/armtools/bin/../lib/gcc/arm-atollic-eabi/6.3.1/../../../../arm-atollic-eabi/lib/armv7e-m/fpu\libc_nano.a(lib_a-nano-vfprintf_i.o)
                              c:/program files (x86)/atollic/truestudio for stm32 9.2.0/armtools/bin/../lib/gcc/arm-atollic-eabi/6.3.1/../../../../arm-atollic-eabi/lib/armv7e-m/fpu\libc_nano.a(lib_a-nano-vfprintf_float.o) (_printf_common)
c:/program files (x86)/atollic/truestudio for stm32 9.2.0/armtools/bin/../lib/gcc/arm-atollic-eabi/6.3.1/../../../../arm-atollic-eabi/lib/armv7e-m/fpu\libc_nano.a(lib_a-puts.o)
                              Drivers\vl53l0x\vl53l0x_tof.o (puts)
c:/program files (x86)/atollic/truestudio for stm32 9.2.0/armtools/bin/../lib/gcc/arm-atollic-eabi/6.3.1/../../../../arm-atollic-eabi/lib/armv7e-m/fpu\libc_nano.a(lib_a-sprintf.o)
                              Src\stm32l4xx_it.o (sprintf)
c:/program files (x86)/atollic/truestudio for stm32 9.2.0/armtools/bin/../lib/gcc/arm-atollic-eabi/6.3.1/../../../../arm-atollic-eabi/lib/armv7e-m/fpu\libc_nano.a(lib_a-strcat.o)
                              Src\stm32l4xx_it.o (strcat)
c:/program files (x86)/atollic/truestudio for stm32 9.2.0/armtools/bin/../lib/gcc/arm-atollic-eabi/6.3.1/../../../../arm-atollic-eabi/lib/armv7e-m/fpu\libc_nano.a(lib_a-strcpy.o)
                              Drivers\vl53l0x\vl53l0x_api_core.o (strcpy)
c:/program files (x86)/atollic/truestudio for stm32 9.2.0/armtools/bin/../lib/gcc/arm-atollic-eabi/6.3.1/../../../../arm-atollic-eabi/lib/armv7e-m/fpu\libc_nano.a(lib_a-strlen.o)
                              Src\stm32l4xx_it.o (strlen)
c:/program files (x86)/atollic/truestudio for stm32 9.2.0/armtools/bin/../lib/gcc/arm-atollic-eabi/6.3.1/../../../../arm-atollic-eabi/lib/armv7e-m/fpu\libc_nano.a(lib_a-wbuf.o)
                              c:/program files (x86)/atollic/truestudio for stm32 9.2.0/armtools/bin/../lib/gcc/arm-atollic-eabi/6.3.1/../../../../arm-atollic-eabi/lib/armv7e-m/fpu\libc_nano.a(lib_a-puts.o) (__swbuf_r)
c:/program files (x86)/atollic/truestudio for stm32 9.2.0/armtools/bin/../lib/gcc/arm-atollic-eabi/6.3.1/../../../../arm-atollic-eabi/lib/armv7e-m/fpu\libc_nano.a(lib_a-wsetup.o)
                              c:/program files (x86)/atollic/truestudio for stm32 9.2.0/armtools/bin/../lib/gcc/arm-atollic-eabi/6.3.1/../../../../arm-atollic-eabi/lib/armv7e-m/fpu\libc_nano.a(lib_a-puts.o) (__swsetup_r)
c:/program files (x86)/atollic/truestudio for stm32 9.2.0/armtools/bin/../lib/gcc/arm-atollic-eabi/6.3.1/../../../../arm-atollic-eabi/lib/armv7e-m/fpu\libc_nano.a(lib_a-dtoa.o)
                              c:/program files (x86)/atollic/truestudio for stm32 9.2.0/armtools/bin/../lib/gcc/arm-atollic-eabi/6.3.1/../../../../arm-atollic-eabi/lib/armv7e-m/fpu\libc_nano.a(lib_a-nano-vfprintf_float.o) (_dtoa_r)
c:/program files (x86)/atollic/truestudio for stm32 9.2.0/armtools/bin/../lib/gcc/arm-atollic-eabi/6.3.1/../../../../arm-atollic-eabi/lib/armv7e-m/fpu\libc_nano.a(lib_a-ecvtbuf.o)
                              c:/program files (x86)/atollic/truestudio for stm32 9.2.0/armtools/bin/../lib/gcc/arm-atollic-eabi/6.3.1/../../../../arm-atollic-eabi/lib/armv7e-m/fpu\libc_nano.a(lib_a-efgcvt.o) (fcvtbuf)
[...]
Memory Configuration

Name             Origin             Length             Attributes
RAM              0x20000000         0x00018000         xrw
RAM2             0x10000000         0x00008000         xrw
FLASH            0x08000000         0x00100000         xr
*default*        0x00000000         0xffffffff

Linker script and memory map

LOAD c:/program files (x86)/atollic/truestudio for stm32 9.2.0/armtools/bin/../lib/gcc/arm-atollic-eabi/6.3.1/armv7e-m/fpu/crti.o
LOAD c:/program files (x86)/atollic/truestudio for stm32 9.2.0/armtools/bin/../lib/gcc/arm-atollic-eabi/6.3.1/armv7e-m/fpu/crtbegin.o
LOAD Drivers\BSP\B-L475E-IOT01\stm32l475e_iot01.o
LOAD Drivers\BSP\B-L475E-IOT01\stm32l475e_iot01_accelero.o
LOAD Drivers\BSP\B-L475E-IOT01\stm32l475e_iot01_gyro.o
LOAD Drivers\BSP\B-L475E-IOT01\stm32l475e_iot01_hsensor.o
LOAD Drivers\BSP\B-L475E-IOT01\stm32l475e_iot01_magneto.o
LOAD Drivers\BSP\B-L475E-IOT01\stm32l475e_iot01_psensor.o
LOAD Drivers\BSP\B-L475E-IOT01\stm32l475e_iot01_qspi.o
LOAD Drivers\BSP\B-L475E-IOT01\stm32l475e_iot01_tsensor.o
LOAD Drivers\BSP\Components\cs42l51\cs42l51.o
LOAD Drivers\BSP\Components\cs43l22\cs43l22.o
LOAD Drivers\BSP\Components\ft3x67\ft3x67.o
LOAD Drivers\BSP\Components\ft5336\ft5336.o
LOAD Drivers\BSP\Components\ft6x06\ft6x06.o
LOAD Drivers\BSP\Components\hts221\hts221.o
LOAD Drivers\BSP\Components\hx8347g\hx8347g.o
LOAD Drivers\BSP\Components\l3gd20\l3gd20.o
LOAD Drivers\BSP\Components\lis3mdl\lis3mdl.o
LOAD Drivers\BSP\Components\lps22hb\lps22hb.o
LOAD Drivers\BSP\Components\ls016b8uy\ls016b8uy.o
LOAD Drivers\BSP\Components\lsm303c\lsm303c.o
LOAD Drivers\BSP\Components\lsm303dlhc\lsm303dlhc.o
LOAD Drivers\BSP\Components\lsm6dsl\lsm6dsl.o
LOAD Drivers\BSP\Components\m24sr\m24sr.o
LOAD Drivers\BSP\Components\mfxstm32l152\mfxstm32l152.o
LOAD Drivers\BSP\Components\ov9655\ov9655.o
LOAD Drivers\BSP\Components\st7735\st7735.o
LOAD Drivers\BSP\Components\st7789h2\st7789h2.o
LOAD Drivers\BSP\Components\stmpe1600\stmpe1600.o
LOAD Drivers\BSP\Components\stmpe811\stmpe811.o
LOAD Drivers\BSP\Components\wm8994\wm8994.o
LOAD Drivers\STM32L4xx_HAL_Driver\Src\stm32l4xx_hal.o
LOAD Drivers\STM32L4xx_HAL_Driver\Src\stm32l4xx_hal_cortex.o
LOAD Drivers\STM32L4xx_HAL_Driver\Src\stm32l4xx_hal_dfsdm.o
LOAD Drivers\STM32L4xx_HAL_Driver\Src\stm32l4xx_hal_dma.o
LOAD Drivers\STM32L4xx_HAL_Driver\Src\stm32l4xx_hal_dma_ex.o
LOAD Drivers\STM32L4xx_HAL_Driver\Src\stm32l4xx_hal_flash.o
LOAD Drivers\STM32L4xx_HAL_Driver\Src\stm32l4xx_hal_flash_ex.o
LOAD Drivers\STM32L4xx_HAL_Driver\Src\stm32l4xx_hal_flash_ramfunc.o
LOAD Drivers\STM32L4xx_HAL_Driver\Src\stm32l4xx_hal_gpio.o
LOAD Drivers\STM32L4xx_HAL_Driver\Src\stm32l4xx_hal_i2c.o
LOAD Drivers\STM32L4xx_HAL_Driver\Src\stm32l4xx_hal_i2c_ex.o
LOAD Drivers\STM32L4xx_HAL_Driver\Src\stm32l4xx_hal_pcd.o
LOAD Drivers\STM32L4xx_HAL_Driver\Src\stm32l4xx_hal_pcd_ex.o
LOAD Drivers\STM32L4xx_HAL_Driver\Src\stm32l4xx_hal_pwr.o
LOAD Drivers\STM32L4xx_HAL_Driver\Src\stm32l4xx_hal_pwr_ex.o
LOAD Drivers\STM32L4xx_HAL_Driver\Src\stm32l4xx_hal_qspi.o
LOAD Drivers\STM32L4xx_HAL_Driver\Src\stm32l4xx_hal_rcc.o
LOAD Drivers\STM32L4xx_HAL_Driver\Src\stm32l4xx_hal_rcc_ex.o
LOAD Drivers\STM32L4xx_HAL_Driver\Src\stm32l4xx_hal_spi.o
LOAD Drivers\STM32L4xx_HAL_Driver\Src\stm32l4xx_hal_spi_ex.o
LOAD Drivers\STM32L4xx_HAL_Driver\Src\stm32l4xx_hal_tim.o
LOAD Drivers\STM32L4xx_HAL_Driver\Src\stm32l4xx_hal_tim_ex.o
LOAD Drivers\STM32L4xx_HAL_Driver\Src\stm32l4xx_hal_uart.o
LOAD Drivers\STM32L4xx_HAL_Driver\Src\stm32l4xx_hal_uart_ex.o
LOAD Drivers\STM32L4xx_HAL_Driver\Src\stm32l4xx_ll_usb.o
LOAD Drivers\vl53l0x\vl53l0x_api.o
LOAD Drivers\vl53l0x\vl53l0x_api_calibration.o
LOAD Drivers\vl53l0x\vl53l0x_api_core.o
LOAD Drivers\vl53l0x\vl53l0x_api_ranging.o
LOAD Drivers\vl53l0x\vl53l0x_api_strings.o
LOAD Drivers\vl53l0x\vl53l0x_platform_log.o
LOAD Drivers\vl53l0x\vl53l0x_tof.o
LOAD Src\main.o
LOAD Src\stm32l4xx_hal_msp.o
LOAD Src\stm32l4xx_it.o
LOAD Src\system_stm32l4xx.o
LOAD startup\startup_stm32l475xx.o
                0x00000080                malloc_getpagesize_P = 0x80
START GROUP
LOAD c:/program files (x86)/atollic/truestudio for stm32 9.2.0/armtools/bin/../lib/gcc/arm-atollic-eabi/6.3.1/../../../../arm-atollic-eabi/lib/armv7e-m/fpu\libc_nano.a
LOAD c:/program files (x86)/atollic/truestudio for stm32 9.2.0/armtools/bin/../lib/gcc/arm-atollic-eabi/6.3.1/../../../../arm-atollic-eabi/lib/armv7e-m/fpu\libm.a
END GROUP
START GROUP
LOAD c:/program files (x86)/atollic/truestudio for stm32 9.2.0/armtools/bin/../lib/gcc/arm-atollic-eabi/6.3.1/armv7e-m/fpu\libgcc.a
LOAD c:/program files (x86)/atollic/truestudio for stm32 9.2.0/armtools/bin/../lib/gcc/arm-atollic-eabi/6.3.1/../../../../arm-atollic-eabi/lib/armv7e-m/fpu\libc_nano.a
END GROUP
START GROUP
LOAD c:/program files (x86)/atollic/truestudio for stm32 9.2.0/armtools/bin/../lib/gcc/arm-atollic-eabi/6.3.1/armv7e-m/fpu\libgcc.a
LOAD c:/program files (x86)/atollic/truestudio for stm32 9.2.0/armtools/bin/../lib/gcc/arm-atollic-eabi/6.3.1/../../../../arm-atollic-eabi/lib/armv7e-m/fpu\libc_nano.a
LOAD c:/program files (x86)/atollic/truestudio for stm32 9.2.0/armtools/bin/../lib/gcc/arm-atollic-eabi/6.3.1/../../../../arm-atollic-eabi/lib/armv7e-m/fpu\libnosys.a
END GROUP
START GROUP
LOAD c:/program files (x86)/atollic/truestudio for stm32 9.2.0/armtools/bin/../lib/gcc/arm-atollic-eabi/6.3.1/armv7e-m/fpu\libgcc.a
LOAD c:/program files (x86)/atollic/truestudio for stm32 9.2.0/armtools/bin/../lib/gcc/arm-atollic-eabi/6.3.1/../../../../arm-atollic-eabi/lib/armv7e-m/fpu\libc_nano.a
LOAD c:/program files (x86)/atollic/truestudio for stm32 9.2.0/armtools/bin/../lib/gcc/arm-atollic-eabi/6.3.1/../../../../arm-atollic-eabi/lib/armv7e-m/fpu\libnosys.a
END GROUP
LOAD c:/program files (x86)/atollic/truestudio for stm32 9.2.0/armtools/bin/../lib/gcc/arm-atollic-eabi/6.3.1/armv7e-m/fpu/crtend.o
LOAD c:/program files (x86)/atollic/truestudio for stm32 9.2.0/armtools/bin/../lib/gcc/arm-atollic-eabi/6.3.1/armv7e-m/fpu/crtn.o
                0x20018000                _estack = 0x20018000
                0x00000200                _Min_Heap_Size = 0x200
                0x00000400                _Min_Stack_Size = 0x400

.isr_vector     0x08000000      0x188
                0x08000000                . = ALIGN (0x4)
 *(.isr_vector)
 .isr_vector    0x08000000      0x188 startup\startup_stm32l475xx.o
                0x08000000                g_pfnVectors
                0x08000188                . = ALIGN (0x4)

.text           0x08000190     0xa204
                0x08000190                . = ALIGN (0x4)
 *(.text)
 .text          0x08000190       0x40 c:/program files (x86)/atollic/truestudio for stm32 9.2.0/armtools/bin/../lib/gcc/arm-atollic-eabi/6.3.1/armv7e-m/fpu/crtbegin.o
 .text          0x080001d0       0x10 c:/program files (x86)/atollic/truestudio for stm32 9.2.0/armtools/bin/../lib/gcc/arm-atollic-eabi/6.3.1/../../../../arm-atollic-eabi/lib/armv7e-m/fpu\libc_nano.a(lib_a-strlen.o)
                0x080001d0                strlen
 .text          0x080001e0       0xa0 c:/program files (x86)/atollic/truestudio for stm32 9.2.0/armtools/bin/../lib/gcc/arm-atollic-eabi/6.3.1/../../../../arm-atollic-eabi/lib/armv7e-m/fpu\libc_nano.a(lib_a-memchr.o)
                0x080001e0                memchr
 .text          0x08000280      0x370 c:/program files (x86)/atollic/truestudio for stm32 9.2.0/armtools/bin/../lib/gcc/arm-atollic-eabi/6.3.1/armv7e-m/fpu\libgcc.a(_arm_addsubdf3.o)
                0x08000280                __aeabi_drsub
                0x08000288                __aeabi_dsub
                0x08000288                __subdf3
                0x0800028c                __aeabi_dadd
                0x0800028c                __adddf3
                0x08000504                __floatunsidf
                0x08000504                __aeabi_ui2d
                0x08000524                __floatsidf
                0x08000524                __aeabi_i2d
                0x08000548                __aeabi_f2d
                0x08000548                __extendsfdf2
                0x08000584                __floatundidf
                0x08000584                __aeabi_ul2d
                0x08000594                __floatdidf
                0x08000594                __aeabi_l2d
 .text          0x080005f0      0x424 c:/program files (x86)/atollic/truestudio for stm32 9.2.0/armtools/bin/../lib/gcc/arm-atollic-eabi/6.3.1/armv7e-m/fpu\libgcc.a(_arm_muldivdf3.o)
                0x080005f0                __aeabi_dmul
                0x080005f0                __muldf3
                0x08000844                __divdf3
                0x08000844                __aeabi_ddiv
 .text          0x08000a14      0x110 c:/program files (x86)/atollic/truestudio for stm32 9.2.0/armtools/bin/../lib/gcc/arm-atollic-eabi/6.3.1/armv7e-m/fpu\libgcc.a(_arm_cmpdf2.o)
                0x08000a14                __gtdf2
                0x08000a14                __gedf2
                0x08000a1c                __ltdf2
                0x08000a1c                __ledf2
                0x08000a24                __nedf2
                0x08000a24                __eqdf2
                0x08000a24                __cmpdf2
                0x08000aa0                __aeabi_cdrcmple
                0x08000ab0                __aeabi_cdcmpeq
                0x08000ab0                __aeabi_cdcmple
                0x08000ac0                __aeabi_dcmpeq
                0x08000ad4                __aeabi_dcmplt
                0x08000ae8                __aeabi_dcmple
                0x08000afc                __aeabi_dcmpge
                0x08000b10                __aeabi_dcmpgt
 .text          0x08000b24       0x2c c:/program files (x86)/atollic/truestudio for stm32 9.2.0/armtools/bin/../lib/gcc/arm-atollic-eabi/6.3.1/armv7e-m/fpu\libgcc.a(_arm_unorddf2.o)
                0x08000b24                __unorddf2
                0x08000b24                __aeabi_dcmpun
 .text          0x08000b50       0x50 c:/program files (x86)/atollic/truestudio for stm32 9.2.0/armtools/bin/../lib/gcc/arm-atollic-eabi/6.3.1/armv7e-m/fpu\libgcc.a(_arm_fixdfsi.o)
                0x08000b50                __aeabi_d2iz
                0x08000b50                __fixdfsi
 .text          0x08000ba0       0x30 c:/program files (x86)/atollic/truestudio for stm32 9.2.0/armtools/bin/../lib/gcc/arm-atollic-eabi/6.3.1/armv7e-m/fpu\libgcc.a(_aeabi_uldivmod.o)
                0x08000ba0                __aeabi_uldivmod
 .text          0x08000bd0      0x2dc c:/program files (x86)/atollic/truestudio for stm32 9.2.0/armtools/bin/../lib/gcc/arm-atollic-eabi/6.3.1/armv7e-m/fpu\libgcc.a(_udivmoddi4.o)
                0x08000bd0                __udivmoddi4
 .text          0x08000eac        0x4 c:/program files (x86)/atollic/truestudio for stm32 9.2.0/armtools/bin/../lib/gcc/arm-atollic-eabi/6.3.1/armv7e-m/fpu\libgcc.a(_dvmd_tls.o)
                0x08000eac                __aeabi_idiv0
                0x08000eac                __aeabi_ldiv0
 *(.text*)
 .text.I2Cx_Init.constprop.8
                0x08000eb0       0xc0 Drivers\BSP\B-L475E-IOT01\stm32l475e_iot01.o
 .text.BSP_LED_Toggle
                0x08000f70       0x14 Drivers\BSP\B-L475E-IOT01\stm32l475e_iot01.o
                0x08000f70                BSP_LED_Toggle
 .text.BSP_PB_Init
                0x08000f84       0x78 Drivers\BSP\B-L475E-IOT01\stm32l475e_iot01.o
                0x08000f84                BSP_PB_Init
 .text.SENSOR_IO_Init
                0x08000ffc        0x4 Drivers\BSP\B-L475E-IOT01\stm32l475e_iot01.o
                0x08000ffc                SENSOR_IO_Init
 .text.SENSOR_IO_Write
                0x08001000       0x34 Drivers\BSP\B-L475E-IOT01\stm32l475e_iot01.o
                0x08001000                SENSOR_IO_Write
 .text.SENSOR_IO_Read
                0x08001034       0x3c Drivers\BSP\B-L475E-IOT01\stm32l475e_iot01.o
                0x08001034                SENSOR_IO_Read
 .text.SENSOR_IO_ReadMultiple
                0x08001070       0x30 Drivers\BSP\B-L475E-IOT01\stm32l475e_iot01.o
                0x08001070                SENSOR_IO_ReadMultiple
 .text.BSP_ACCELERO_Init
                0x080010a0       0x28 Drivers\BSP\B-L475E-IOT01\stm32l475e_iot01_accelero.o
                0x080010a0                BSP_ACCELERO_Init
 .text.BSP_ACCELERO_AccGetXYZ
                0x080010c8       0x14 Drivers\BSP\B-L475E-IOT01\stm32l475e_iot01_accelero.o
                0x080010c8                BSP_ACCELERO_AccGetXYZ
 .text.BSP_GYRO_Init
                0x080010dc       0x28 Drivers\BSP\B-L475E-IOT01\stm32l475e_iot01_gyro.o
                0x080010dc                BSP_GYRO_Init
 .text.BSP_GYRO_GetXYZ
                0x08001104       0x14 Drivers\BSP\B-L475E-IOT01\stm32l475e_iot01_gyro.o
                0x08001104                BSP_GYRO_GetXYZ
 .text.BSP_HSENSOR_Init
                0x08001118       0x28 Drivers\BSP\B-L475E-IOT01\stm32l475e_iot01_hsensor.o
                0x08001118                BSP_HSENSOR_Init
 .text.BSP_HSENSOR_ReadHumidity
                0x08001140       0x10 Drivers\BSP\B-L475E-IOT01\stm32l475e_iot01_hsensor.o
                0x08001140                BSP_HSENSOR_ReadHumidity
 .text.BSP_MAGNETO_Init
                0x08001150       0x48 Drivers\BSP\B-L475E-IOT01\stm32l475e_iot01_magneto.o
                0x08001150                BSP_MAGNETO_Init
 .text.BSP_MAGNETO_GetXYZ
                0x08001198       0x14 Drivers\BSP\B-L475E-IOT01\stm32l475e_iot01_magneto.o
                0x08001198                BSP_MAGNETO_GetXYZ
 .text.BSP_PSENSOR_Init
                0x080011ac       0x28 Drivers\BSP\B-L475E-IOT01\stm32l475e_iot01_psensor.o
                0x080011ac                BSP_PSENSOR_Init
 .text.BSP_PSENSOR_ReadPressure
                0x080011d4       0x10 Drivers\BSP\B-L475E-IOT01\stm32l475e_iot01_psensor.o
                0x080011d4                BSP_PSENSOR_ReadPressure
 .text.BSP_TSENSOR_Init
                0x080011e4       0x24 Drivers\BSP\B-L475E-IOT01\stm32l475e_iot01_tsensor.o
                0x080011e4                BSP_TSENSOR_Init
 .text.BSP_TSENSOR_ReadTemp
                0x08001208       0x10 Drivers\BSP\B-L475E-IOT01\stm32l475e_iot01_tsensor.o
                0x08001208                BSP_TSENSOR_ReadTemp
 .text.HTS221_H_Init
                0x08001218       0x20 Drivers\BSP\Components\hts221\hts221.o
                0x08001218                HTS221_H_Init
 .text.HTS221_T_Init
                0x08001238       0x20 Drivers\BSP\Components\hts221\hts221.o
                0x08001238                HTS221_T_Init
 .text.HTS221_H_ReadID
                0x08001258       0x14 Drivers\BSP\Components\hts221\hts221.o
                0x08001258                HTS221_H_ReadID
 .text.HTS221_H_ReadHumidity
                0x0800126c       0xe0 Drivers\BSP\Components\hts221\hts221.o
                0x0800126c                HTS221_H_ReadHumidity
 .text.HTS221_T_ReadTemp
                0x0800134c       0xb4 Drivers\BSP\Components\hts221\hts221.o
                0x0800134c                HTS221_T_ReadTemp
 .text.LIS3MDL_MagInit
                0x08001400       0x4a Drivers\BSP\Components\lis3mdl\lis3mdl.o
                0x08001400                LIS3MDL_MagInit
 .text.LIS3MDL_MagDeInit
                0x0800144a       0x1e Drivers\BSP\Components\lis3mdl\lis3mdl.o
                0x0800144a                LIS3MDL_MagDeInit
 .text.LIS3MDL_MagLowPower
                0x08001468       0x22 Drivers\BSP\Components\lis3mdl\lis3mdl.o
                0x08001468                LIS3MDL_MagLowPower
 .text.LIS3MDL_MagReadID
                0x0800148a       0x12 Drivers\BSP\Components\lis3mdl\lis3mdl.o
                0x0800148a                LIS3MDL_MagReadID
 .text.LIS3MDL_MagReadXYZ
                0x0800149c       0xb8 Drivers\BSP\Components\lis3mdl\lis3mdl.o
                0x0800149c                LIS3MDL_MagReadXYZ
 .text.LPS22HB_P_ReadPressure
                0x08001554       0x5c Drivers\BSP\Components\lps22hb\lps22hb.o
                0x08001554                LPS22HB_P_ReadPressure
 .text.LPS22HB_Init
                0x080015b0       0x38 Drivers\BSP\Components\lps22hb\lps22hb.o
 .text.LPS22HB_P_Init
                0x080015e8        0x4 Drivers\BSP\Components\lps22hb\lps22hb.o
                0x080015e8                LPS22HB_P_Init
 .text.LPS22HB_P_ReadID
                0x080015ec       0x14 Drivers\BSP\Components\lps22hb\lps22hb.o
                0x080015ec                LPS22HB_P_ReadID
 .text.LSM6DSL_AccInit
                0x08001600       0x38 Drivers\BSP\Components\lsm6dsl\lsm6dsl.o
                0x08001600                LSM6DSL_AccInit
 .text.LSM6DSL_AccDeInit
                0x08001638       0x1a Drivers\BSP\Components\lsm6dsl\lsm6dsl.o
                0x08001638                LSM6DSL_AccDeInit
 .text.LSM6DSL_AccLowPower
                0x08001652       0x22 Drivers\BSP\Components\lsm6dsl\lsm6dsl.o
                0x08001652                LSM6DSL_AccLowPower
 .text.LSM6DSL_GyroInit
                0x08001674       0x38 Drivers\BSP\Components\lsm6dsl\lsm6dsl.o
                0x08001674                LSM6DSL_GyroInit
 .text.LSM6DSL_GyroDeInit
                0x080016ac       0x1a Drivers\BSP\Components\lsm6dsl\lsm6dsl.o
                0x080016ac                LSM6DSL_GyroDeInit
 .text.LSM6DSL_GyroLowPower
                0x080016c6       0x22 Drivers\BSP\Components\lsm6dsl\lsm6dsl.o
                0x080016c6                LSM6DSL_GyroLowPower
 .text.LSM6DSL_GyroReadID
                0x080016e8       0x12 Drivers\BSP\Components\lsm6dsl\lsm6dsl.o
                0x080016e8                LSM6DSL_GyroReadID
 .text.LSM6DSL_AccReadID
                0x080016fa        0x4 Drivers\BSP\Components\lsm6dsl\lsm6dsl.o
                0x080016fa                LSM6DSL_AccReadID
 *fill*         0x080016fe        0x2 
 .text.LSM6DSL_AccReadXYZ
                0x08001700       0x88 Drivers\BSP\Components\lsm6dsl\lsm6dsl.o
                0x08001700                LSM6DSL_AccReadXYZ
 .text.LSM6DSL_GyroReadXYZAngRate
                0x08001788       0x80 Drivers\BSP\Components\lsm6dsl\lsm6dsl.o
                0x08001788                LSM6DSL_GyroReadXYZAngRate
 .text.HAL_InitTick
                0x08001808       0x30 Drivers\STM32L4xx_HAL_Driver\Src\stm32l4xx_hal.o
                0x08001808                HAL_InitTick
 .text.HAL_Init
                0x08001838       0x1e Drivers\STM32L4xx_HAL_Driver\Src\stm32l4xx_hal.o
                0x08001838                HAL_Init
 *fill*         0x08001856        0x2 
 .text.HAL_IncTick
                0x08001858       0x10 Drivers\STM32L4xx_HAL_Driver\Src\stm32l4xx_hal.o
                0x08001858                HAL_IncTick
 .text.HAL_GetTick
                0x08001868        0xc Drivers\STM32L4xx_HAL_Driver\Src\stm32l4xx_hal.o
                0x08001868                HAL_GetTick
 .text.HAL_Delay
                0x08001874       0x1c Drivers\STM32L4xx_HAL_Driver\Src\stm32l4xx_hal.o
                0x08001874                HAL_Delay
 .text.HAL_NVIC_SetPriorityGrouping
                0x08001890       0x24 Drivers\STM32L4xx_HAL_Driver\Src\stm32l4xx_hal_cortex.o
                0x08001890                HAL_NVIC_SetPriorityGrouping
 .text.HAL_NVIC_SetPriority
                0x080018b4       0x68 Drivers\STM32L4xx_HAL_Driver\Src\stm32l4xx_hal_cortex.o
                0x080018b4                HAL_NVIC_SetPriority
 .text.HAL_NVIC_EnableIRQ
                0x0800191c       0x18 Drivers\STM32L4xx_HAL_Driver\Src\stm32l4xx_hal_cortex.o
                0x0800191c                HAL_NVIC_EnableIRQ
 .text.HAL_SYSTICK_Config
                0x08001934       0x2c Drivers\STM32L4xx_HAL_Driver\Src\stm32l4xx_hal_cortex.o
                0x08001934                HAL_SYSTICK_Config
 .text.DFSDM_GetChannelFromInstance
                0x08001960       0x58 Drivers\STM32L4xx_HAL_Driver\Src\stm32l4xx_hal_dfsdm.o
 .text.HAL_DFSDM_ChannelInit
                0x080019b8       0xe8 Drivers\STM32L4xx_HAL_Driver\Src\stm32l4xx_hal_dfsdm.o
                0x080019b8                HAL_DFSDM_ChannelInit
 .text.HAL_GPIO_Init
                0x08001aa0      0x1b8 Drivers\STM32L4xx_HAL_Driver\Src\stm32l4xx_hal_gpio.o
                0x08001aa0                HAL_GPIO_Init
 .text.HAL_GPIO_DeInit
                0x08001c58      0x134 Drivers\STM32L4xx_HAL_Driver\Src\stm32l4xx_hal_gpio.o
                0x08001c58                HAL_GPIO_DeInit
 .text.HAL_GPIO_WritePin
                0x08001d8c        0xa Drivers\STM32L4xx_HAL_Driver\Src\stm32l4xx_hal_gpio.o
                0x08001d8c                HAL_GPIO_WritePin
 .text.HAL_GPIO_TogglePin
                0x08001d96        0x8 Drivers\STM32L4xx_HAL_Driver\Src\stm32l4xx_hal_gpio.o
                0x08001d96                HAL_GPIO_TogglePin
 .text.HAL_GPIO_EXTI_Callback
                0x08001d9e        0x2 Drivers\STM32L4xx_HAL_Driver\Src\stm32l4xx_hal_gpio.o
                0x08001d9e                HAL_GPIO_EXTI_Callback
 .text.HAL_GPIO_EXTI_IRQHandler
                0x08001da0       0x18 Drivers\STM32L4xx_HAL_Driver\Src\stm32l4xx_hal_gpio.o
                0x08001da0                HAL_GPIO_EXTI_IRQHandler
 .text.I2C_Flush_TXDR
                0x08001db8       0x1c Drivers\STM32L4xx_HAL_Driver\Src\stm32l4xx_hal_i2c.o
 .text.I2C_TransferConfig
                0x08001dd4       0x34 Drivers\STM32L4xx_HAL_Driver\Src\stm32l4xx_hal_i2c.o
 .text.I2C_WaitOnFlagUntilTimeout
                0x08001e08       0x56 Drivers\STM32L4xx_HAL_Driver\Src\stm32l4xx_hal_i2c.o
 .text.I2C_IsAcknowledgeFailed
                0x08001e5e       0x7a Drivers\STM32L4xx_HAL_Driver\Src\stm32l4xx_hal_i2c.o
 .text.I2C_WaitOnTXISFlagUntilTimeout
                0x08001ed8       0x4e Drivers\STM32L4xx_HAL_Driver\Src\stm32l4xx_hal_i2c.o
 *fill*         0x08001f26        0x2 
 .text.I2C_RequestMemoryWrite
                0x08001f28       0x64 Drivers\STM32L4xx_HAL_Driver\Src\stm32l4xx_hal_i2c.o
 .text.I2C_RequestMemoryRead
                0x08001f8c       0x64 Drivers\STM32L4xx_HAL_Driver\Src\stm32l4xx_hal_i2c.o
 .text.I2C_WaitOnSTOPFlagUntilTimeout
                0x08001ff0       0x4a Drivers\STM32L4xx_HAL_Driver\Src\stm32l4xx_hal_i2c.o
 .text.I2C_WaitOnRXNEFlagUntilTimeout
                0x0800203a       0x7e Drivers\STM32L4xx_HAL_Driver\Src\stm32l4xx_hal_i2c.o
 .text.HAL_I2C_Init
                0x080020b8       0xa2 Drivers\STM32L4xx_HAL_Driver\Src\stm32l4xx_hal_i2c.o
                0x080020b8                HAL_I2C_Init
 .text.HAL_I2C_DeInit
                0x0800215a       0x32 Drivers\STM32L4xx_HAL_Driver\Src\stm32l4xx_hal_i2c.o
                0x0800215a                HAL_I2C_DeInit
 .text.HAL_I2C_Master_Transmit
                0x0800218c      0x128 Drivers\STM32L4xx_HAL_Driver\Src\stm32l4xx_hal_i2c.o
                0x0800218c                HAL_I2C_Master_Transmit
 .text.HAL_I2C_Master_Receive
                0x080022b4      0x12c Drivers\STM32L4xx_HAL_Driver\Src\stm32l4xx_hal_i2c.o
                0x080022b4                HAL_I2C_Master_Receive
 .text.HAL_I2C_Mem_Write
                0x080023e0      0x16e Drivers\STM32L4xx_HAL_Driver\Src\stm32l4xx_hal_i2c.o
                0x080023e0                HAL_I2C_Mem_Write
 *fill*         0x0800254e        0x2 
 .text.HAL_I2C_Mem_Read
                0x08002550      0x17c Drivers\STM32L4xx_HAL_Driver\Src\stm32l4xx_hal_i2c.o
                0x08002550                HAL_I2C_Mem_Read
 .text.HAL_I2CEx_ConfigAnalogFilter
                0x080026cc       0x4c Drivers\STM32L4xx_HAL_Driver\Src\stm32l4xx_hal_i2c_ex.o
                0x080026cc                HAL_I2CEx_ConfigAnalogFilter
 .text.HAL_I2CEx_ConfigDigitalFilter
                0x08002718       0x4a Drivers\STM32L4xx_HAL_Driver\Src\stm32l4xx_hal_i2c_ex.o
                0x08002718                HAL_I2CEx_ConfigDigitalFilter
 .text.HAL_PCD_Init
                0x08002762       0xfa Drivers\STM32L4xx_HAL_Driver\Src\stm32l4xx_hal_pcd.o
                0x08002762                HAL_PCD_Init
 .text.HAL_PCDEx_ActivateLPM
                0x0800285c       0x26 Drivers\STM32L4xx_HAL_Driver\Src\stm32l4xx_hal_pcd_ex.o
                0x0800285c                HAL_PCDEx_ActivateLPM
 .text.HAL_PCDEx_ActivateBCD
                0x08002882       0x14 Drivers\STM32L4xx_HAL_Driver\Src\stm32l4xx_hal_pcd_ex.o
                0x08002882                HAL_PCDEx_ActivateBCD
 *fill*         0x08002896        0x2 
 .text.HAL_PWR_EnableBkUpAccess
                0x08002898       0x10 Drivers\STM32L4xx_HAL_Driver\Src\stm32l4xx_hal_pwr.o
                0x08002898                HAL_PWR_EnableBkUpAccess
 .text.HAL_PWREx_GetVoltageRange
                0x080028a8       0x10 Drivers\STM32L4xx_HAL_Driver\Src\stm32l4xx_hal_pwr_ex.o
                0x080028a8                HAL_PWREx_GetVoltageRange
 .text.HAL_PWREx_ControlVoltageScaling
                0x080028b8       0x6c Drivers\STM32L4xx_HAL_Driver\Src\stm32l4xx_hal_pwr_ex.o
                0x080028b8                HAL_PWREx_ControlVoltageScaling
 .text.HAL_PWREx_EnableVddUSB
                0x08002924       0x10 Drivers\STM32L4xx_HAL_Driver\Src\stm32l4xx_hal_pwr_ex.o
                0x08002924                HAL_PWREx_EnableVddUSB
 .text.QSPI_WaitFlagStateUntilTimeout
                0x08002934       0x4c Drivers\STM32L4xx_HAL_Driver\Src\stm32l4xx_hal_qspi.o
 .text.HAL_QSPI_Init
                0x08002980       0xb0 Drivers\STM32L4xx_HAL_Driver\Src\stm32l4xx_hal_qspi.o
                0x08002980                HAL_QSPI_Init
 .text.RCC_SetFlashLatencyFromMSIRange
                0x08002a30       0x84 Drivers\STM32L4xx_HAL_Driver\Src\stm32l4xx_hal_rcc.o
 .text.HAL_RCC_GetSysClockFreq
                0x08002ab4       0xa8 Drivers\STM32L4xx_HAL_Driver\Src\stm32l4xx_hal_rcc.o
                0x08002ab4                HAL_RCC_GetSysClockFreq
 .text.HAL_RCC_OscConfig
                0x08002b5c      0x44c Drivers\STM32L4xx_HAL_Driver\Src\stm32l4xx_hal_rcc.o
                0x08002b5c                HAL_RCC_OscConfig
 .text.HAL_RCC_ClockConfig
                0x08002fa8      0x124 Drivers\STM32L4xx_HAL_Driver\Src\stm32l4xx_hal_rcc.o
                0x08002fa8                HAL_RCC_ClockConfig
 .text.HAL_RCC_GetPCLK1Freq
                0x080030cc       0x24 Drivers\STM32L4xx_HAL_Driver\Src\stm32l4xx_hal_rcc.o
                0x080030cc                HAL_RCC_GetPCLK1Freq
 .text.HAL_RCC_GetPCLK2Freq
                0x080030f0       0x24 Drivers\STM32L4xx_HAL_Driver\Src\stm32l4xx_hal_rcc.o
                0x080030f0                HAL_RCC_GetPCLK2Freq
 .text.RCCEx_PLLSAI1_Config
                0x08003114      0x11c Drivers\STM32L4xx_HAL_Driver\Src\stm32l4xx_hal_rcc_ex.o
 .text.RCCEx_PLLSAI2_Config
                0x08003230       0xfc Drivers\STM32L4xx_HAL_Driver\Src\stm32l4xx_hal_rcc_ex.o
 .text.HAL_RCCEx_PeriphCLKConfig
                0x0800332c      0x3d0 Drivers\STM32L4xx_HAL_Driver\Src\stm32l4xx_hal_rcc_ex.o
                0x0800332c                HAL_RCCEx_PeriphCLKConfig
 .text.HAL_RCCEx_EnableMSIPLLMode
                0x080036fc       0x10 Drivers\STM32L4xx_HAL_Driver\Src\stm32l4xx_hal_rcc_ex.o
                0x080036fc                HAL_RCCEx_EnableMSIPLLMode
 .text.HAL_SPI_Init
                0x0800370c       0xa2 Drivers\STM32L4xx_HAL_Driver\Src\stm32l4xx_hal_spi.o
                0x0800370c                HAL_SPI_Init
 *fill*         0x080037ae        0x2 
 .text.HAL_TIM_Base_Start_IT
                0x080037b0       0x30 Drivers\STM32L4xx_HAL_Driver\Src\stm32l4xx_hal_tim.o
                0x080037b0                HAL_TIM_Base_Start_IT
 .text.HAL_TIM_OC_DelayElapsedCallback
                0x080037e0        0x2 Drivers\STM32L4xx_HAL_Driver\Src\stm32l4xx_hal_tim.o
                0x080037e0                HAL_TIM_OC_DelayElapsedCallback
 .text.HAL_TIM_IC_CaptureCallback
                0x080037e2        0x2 Drivers\STM32L4xx_HAL_Driver\Src\stm32l4xx_hal_tim.o
                0x080037e2                HAL_TIM_IC_CaptureCallback
 .text.HAL_TIM_PWM_PulseFinishedCallback
                0x080037e4        0x2 Drivers\STM32L4xx_HAL_Driver\Src\stm32l4xx_hal_tim.o
                0x080037e4                HAL_TIM_PWM_PulseFinishedCallback
 .text.HAL_TIM_TriggerCallback
                0x080037e6        0x2 Drivers\STM32L4xx_HAL_Driver\Src\stm32l4xx_hal_tim.o
                0x080037e6                HAL_TIM_TriggerCallback
 .text.HAL_TIM_IRQHandler
                0x080037e8      0x160 Drivers\STM32L4xx_HAL_Driver\Src\stm32l4xx_hal_tim.o
                0x080037e8                HAL_TIM_IRQHandler
 .text.TIM_Base_SetConfig
                0x08003948       0xcc Drivers\STM32L4xx_HAL_Driver\Src\stm32l4xx_hal_tim.o
                0x08003948                TIM_Base_SetConfig
 .text.HAL_TIM_Base_Init
                0x08003a14       0x34 Drivers\STM32L4xx_HAL_Driver\Src\stm32l4xx_hal_tim.o
                0x08003a14                HAL_TIM_Base_Init
 .text.HAL_TIMEx_MasterConfigSynchronization
                0x08003a48       0x58 Drivers\STM32L4xx_HAL_Driver\Src\stm32l4xx_hal_tim_ex.o
                0x08003a48                HAL_TIMEx_MasterConfigSynchronization
 .text.HAL_TIMEx_CommutationCallback
                0x08003aa0        0x2 Drivers\STM32L4xx_HAL_Driver\Src\stm32l4xx_hal_tim_ex.o
                0x08003aa0                HAL_TIMEx_CommutationCallback
 .text.HAL_TIMEx_BreakCallback
                0x08003aa2        0x2 Drivers\STM32L4xx_HAL_Driver\Src\stm32l4xx_hal_tim_ex.o
                0x08003aa2                HAL_TIMEx_BreakCallback
 .text.HAL_TIMEx_Break2Callback
                0x08003aa4        0x2 Drivers\STM32L4xx_HAL_Driver\Src\stm32l4xx_hal_tim_ex.o
                0x08003aa4                HAL_TIMEx_Break2Callback
 *fill*         0x08003aa6        0x2 
 .text.UART_SetConfig
                0x08003aa8      0x330 Drivers\STM32L4xx_HAL_Driver\Src\stm32l4xx_hal_uart.o
                0x08003aa8                UART_SetConfig
 .text.UART_AdvFeatureConfig
                0x08003dd8       0xa8 Drivers\STM32L4xx_HAL_Driver\Src\stm32l4xx_hal_uart.o
                0x08003dd8                UART_AdvFeatureConfig
 .text.UART_WaitOnFlagUntilTimeout
                0x08003e80       0x62 Drivers\STM32L4xx_HAL_Driver\Src\stm32l4xx_hal_uart.o
                0x08003e80                UART_WaitOnFlagUntilTimeout
 .text.HAL_UART_Transmit
                0x08003ee2       0xae Drivers\STM32L4xx_HAL_Driver\Src\stm32l4xx_hal_uart.o
                0x08003ee2                HAL_UART_Transmit
 .text.UART_CheckIdleState
                0x08003f90       0x64 Drivers\STM32L4xx_HAL_Driver\Src\stm32l4xx_hal_uart.o
                0x08003f90                UART_CheckIdleState
 .text.HAL_UART_Init
                0x08003ff4       0x64 Drivers\STM32L4xx_HAL_Driver\Src\stm32l4xx_hal_uart.o
                0x08003ff4                HAL_UART_Init
 .text.USB_CoreReset
                0x08004058       0x30 Drivers\STM32L4xx_HAL_Driver\Src\stm32l4xx_ll_usb.o
 .text.USB_CoreInit
                0x08004088       0x5e Drivers\STM32L4xx_HAL_Driver\Src\stm32l4xx_ll_usb.o
                0x08004088                USB_CoreInit
 .text.USB_DisableGlobalInt
                0x080040e6        0xc Drivers\STM32L4xx_HAL_Driver\Src\stm32l4xx_ll_usb.o
                0x080040e6                USB_DisableGlobalInt
 .text.USB_SetCurrentMode
                0x080040f2       0x2e Drivers\STM32L4xx_HAL_Driver\Src\stm32l4xx_ll_usb.o
                0x080040f2                USB_SetCurrentMode
 .text.USB_FlushTxFifo
                0x08004120       0x24 Drivers\STM32L4xx_HAL_Driver\Src\stm32l4xx_ll_usb.o
                0x08004120                USB_FlushTxFifo
 .text.USB_FlushRxFifo
                0x08004144       0x20 Drivers\STM32L4xx_HAL_Driver\Src\stm32l4xx_ll_usb.o
                0x08004144                USB_FlushRxFifo
 .text.USB_SetDevSpeed
                0x08004164        0xe Drivers\STM32L4xx_HAL_Driver\Src\stm32l4xx_ll_usb.o
                0x08004164                USB_SetDevSpeed
 *fill*         0x08004172        0x2 
 .text.USB_DevInit
                0x08004174      0x138 Drivers\STM32L4xx_HAL_Driver\Src\stm32l4xx_ll_usb.o
                0x08004174                USB_DevInit
 .text.USB_DevDisconnect
                0x080042ac       0x18 Drivers\STM32L4xx_HAL_Driver\Src\stm32l4xx_ll_usb.o
                0x080042ac                USB_DevDisconnect
 .text.VL53L0X_GetDeviceInfo
                0x080042c4        0x4 Drivers\vl53l0x\vl53l0x_api.o
                0x080042c4                VL53L0X_GetDeviceInfo
 .text.VL53L0X_SetDeviceMode
                0x080042c8       0x20 Drivers\vl53l0x\vl53l0x_api.o
                0x080042c8                VL53L0X_SetDeviceMode
 .text.VL53L0X_GetFractionEnable
                0x080042e8       0x18 Drivers\vl53l0x\vl53l0x_api.o
                0x080042e8                VL53L0X_GetFractionEnable
 .text.VL53L0X_SetMeasurementTimingBudgetMicroSeconds
                0x08004300        0x4 Drivers\vl53l0x\vl53l0x_api.o
                0x08004300                VL53L0X_SetMeasurementTimingBudgetMicroSeconds
 .text.VL53L0X_SetVcselPulsePeriod
                0x08004304        0x4 Drivers\vl53l0x\vl53l0x_api.o
                0x08004304                VL53L0X_SetVcselPulsePeriod
 .text.VL53L0X_GetVcselPulsePeriod
                0x08004308        0x4 Drivers\vl53l0x\vl53l0x_api.o
                0x08004308                VL53L0X_GetVcselPulsePeriod
 .text.VL53L0X_SetSequenceStepEnable
                0x0800430c       0xa2 Drivers\vl53l0x\vl53l0x_api.o
                0x0800430c                VL53L0X_SetSequenceStepEnable
 .text.VL53L0X_GetSequenceStepEnables
                0x080043ae       0x38 Drivers\vl53l0x\vl53l0x_api.o
                0x080043ae                VL53L0X_GetSequenceStepEnables
 .text.VL53L0X_GetSequenceStepTimeout
                0x080043e6       0x30 Drivers\vl53l0x\vl53l0x_api.o
                0x080043e6                VL53L0X_GetSequenceStepTimeout
 .text.VL53L0X_GetInterMeasurementPeriodMilliSeconds
                0x08004416       0x34 Drivers\vl53l0x\vl53l0x_api.o
                0x08004416                VL53L0X_GetInterMeasurementPeriodMilliSeconds
 .text.VL53L0X_GetXTalkCompensationEnable
                0x0800444a        0x8 Drivers\vl53l0x\vl53l0x_api.o
                0x0800444a                VL53L0X_GetXTalkCompensationEnable
 .text.VL53L0X_GetXTalkCompensationRateMegaCps
                0x08004452       0x2e Drivers\vl53l0x\vl53l0x_api.o
                0x08004452                VL53L0X_GetXTalkCompensationRateMegaCps
 .text.VL53L0X_SetLimitCheckEnable
                0x08004480       0x7e Drivers\vl53l0x\vl53l0x_api.o
                0x08004480                VL53L0X_SetLimitCheckEnable
 .text.VL53L0X_GetLimitCheckEnable
                0x080044fe       0x1c Drivers\vl53l0x\vl53l0x_api.o
                0x080044fe                VL53L0X_GetLimitCheckEnable
 .text.VL53L0X_SetLimitCheckValue
                0x0800451a       0x5a Drivers\vl53l0x\vl53l0x_api.o
                0x0800451a                VL53L0X_SetLimitCheckValue
 .text.VL53L0X_GetLimitCheckValue
                0x08004574       0x6a Drivers\vl53l0x\vl53l0x_api.o
                0x08004574                VL53L0X_GetLimitCheckValue
 .text.VL53L0X_GetWrapAroundCheckEnable
                0x080045de       0x2e Drivers\vl53l0x\vl53l0x_api.o
                0x080045de                VL53L0X_GetWrapAroundCheckEnable
 .text.VL53L0X_GetDeviceParameters
                0x0800460c       0x76 Drivers\vl53l0x\vl53l0x_api.o
                0x0800460c                VL53L0X_GetDeviceParameters
 *fill*         0x08004682        0x2 
 .text.VL53L0X_DataInit
                0x08004684      0x12c Drivers\vl53l0x\vl53l0x_api.o
                0x08004684                VL53L0X_DataInit
 .text.VL53L0X_PerformRefCalibration
                0x080047b0        0x6 Drivers\vl53l0x\vl53l0x_api.o
                0x080047b0                VL53L0X_PerformRefCalibration
 .text.VL53L0X_GetRangingMeasurementData
                0x080047b6      0x13a Drivers\vl53l0x\vl53l0x_api.o
                0x080047b6                VL53L0X_GetRangingMeasurementData
 .text.VL53L0X_GetInterruptThresholds
                0x080048f0       0x40 Drivers\vl53l0x\vl53l0x_api.o
                0x080048f0                VL53L0X_GetInterruptThresholds
 .text.VL53L0X_CheckAndLoadInterruptSettings
                0x08004930       0x80 Drivers\vl53l0x\vl53l0x_api.o
                0x08004930                VL53L0X_CheckAndLoadInterruptSettings
 .text.VL53L0X_StartMeasurement
                0x080049b0       0x7e Drivers\vl53l0x\vl53l0x_api.o
                0x080049b0                VL53L0X_StartMeasurement
 .text.VL53L0X_PerformSingleMeasurement
                0x08004a2e       0x28 Drivers\vl53l0x\vl53l0x_api.o
                0x08004a2e                VL53L0X_PerformSingleMeasurement
 .text.VL53L0X_ClearInterruptMask
                0x08004a56       0x58 Drivers\vl53l0x\vl53l0x_api.o
                0x08004a56                VL53L0X_ClearInterruptMask
 .text.VL53L0X_PerformSingleRangingMeasurement
                0x08004aae       0x28 Drivers\vl53l0x\vl53l0x_api.o
                0x08004aae                VL53L0X_PerformSingleRangingMeasurement
 .text.VL53L0X_SetGpioConfig
                0x08004ad6      0x15a Drivers\vl53l0x\vl53l0x_api.o
                0x08004ad6                VL53L0X_SetGpioConfig
 .text.VL53L0X_StaticInit
                0x08004c30      0x1a8 Drivers\vl53l0x\vl53l0x_api.o
                0x08004c30                VL53L0X_StaticInit
 .text.VL53L0X_GetInterruptMaskStatus
                0x08004dd8       0x26 Drivers\vl53l0x\vl53l0x_api.o
                0x08004dd8                VL53L0X_GetInterruptMaskStatus
 .text.VL53L0X_GetMeasurementDataReady
                0x08004dfe       0x3c Drivers\vl53l0x\vl53l0x_api.o
                0x08004dfe                VL53L0X_GetMeasurementDataReady
 .text.VL53L0X_PerformRefSpadManagement
                0x08004e3a        0x4 Drivers\vl53l0x\vl53l0x_api.o
                0x08004e3a                VL53L0X_PerformRefSpadManagement
 .text.VL53L0X_get_offset_calibration_data_micro_meter
                0x08004e3e       0x32 Drivers\vl53l0x\vl53l0x_api_calibration.o
                0x08004e3e                VL53L0X_get_offset_calibration_data_micro_meter
 .text.get_next_good_spad
                0x08004e70       0x4e Drivers\vl53l0x\vl53l0x_api_calibration.o
                0x08004e70                get_next_good_spad
 *fill*         0x08004ebe        0x2 
 .text.is_aperture
                0x08004ec0       0x14 Drivers\vl53l0x\vl53l0x_api_calibration.o
                0x08004ec0                is_aperture
 .text.enable_spad_bit
                0x08004ed4       0x1e Drivers\vl53l0x\vl53l0x_api_calibration.o
                0x08004ed4                enable_spad_bit
 .text.set_ref_spad_map
                0x08004ef2        0xa Drivers\vl53l0x\vl53l0x_api_calibration.o
                0x08004ef2                set_ref_spad_map
 .text.get_ref_spad_map
                0x08004efc        0xa Drivers\vl53l0x\vl53l0x_api_calibration.o
                0x08004efc                get_ref_spad_map
 .text.enable_ref_spads
                0x08004f06       0x96 Drivers\vl53l0x\vl53l0x_api_calibration.o
                0x08004f06                enable_ref_spads
 .text.perform_ref_signal_measurement
                0x08004f9c       0x58 Drivers\vl53l0x\vl53l0x_api_calibration.o
                0x08004f9c                perform_ref_signal_measurement
 .text.VL53L0X_set_reference_spads
                0x08004ff4       0xaa Drivers\vl53l0x\vl53l0x_api_calibration.o
                0x08004ff4                VL53L0X_set_reference_spads
 .text.VL53L0X_perform_single_ref_calibration
                0x0800509e       0x32 Drivers\vl53l0x\vl53l0x_api_calibration.o
                0x0800509e                VL53L0X_perform_single_ref_calibration
 .text.VL53L0X_ref_calibration_io
                0x080050d0       0xd0 Drivers\vl53l0x\vl53l0x_api_calibration.o
                0x080050d0                VL53L0X_ref_calibration_io
 .text.VL53L0X_perform_vhv_calibration
                0x080051a0       0x74 Drivers\vl53l0x\vl53l0x_api_calibration.o
                0x080051a0                VL53L0X_perform_vhv_calibration
 .text.VL53L0X_perform_phase_calibration
                0x08005214       0x6e Drivers\vl53l0x\vl53l0x_api_calibration.o
                0x08005214                VL53L0X_perform_phase_calibration
 .text.VL53L0X_perform_ref_calibration
                0x08005282       0x36 Drivers\vl53l0x\vl53l0x_api_calibration.o
                0x08005282                VL53L0X_perform_ref_calibration
 .text.VL53L0X_perform_ref_spad_management
                0x080052b8      0x270 Drivers\vl53l0x\vl53l0x_api_calibration.o
                0x080052b8                VL53L0X_perform_ref_spad_management
 .text.VL53L0X_measurement_poll_for_completion
                0x08005528       0x34 Drivers\vl53l0x\vl53l0x_api_core.o
                0x08005528                VL53L0X_measurement_poll_for_completion
 .text.VL53L0X_isqrt
                0x0800555c       0x2a Drivers\vl53l0x\vl53l0x_api_core.o
                0x0800555c                VL53L0X_isqrt
 .text.VL53L0X_device_read_strobe
                0x08005586       0x42 Drivers\vl53l0x\vl53l0x_api_core.o
                0x08005586                VL53L0X_device_read_strobe
 .text.VL53L0X_get_info_from_device
                0x080055c8      0x554 Drivers\vl53l0x\vl53l0x_api_core.o
                0x080055c8                VL53L0X_get_info_from_device
 .text.VL53L0X_encode_timeout
                0x08005b1c       0x1e Drivers\vl53l0x\vl53l0x_api_core.o
                0x08005b1c                VL53L0X_encode_timeout
 .text.VL53L0X_decode_timeout
                0x08005b3a        0xc Drivers\vl53l0x\vl53l0x_api_core.o
                0x08005b3a                VL53L0X_decode_timeout
 *fill*         0x08005b46        0x2 
 .text.VL53L0X_calc_timeout_mclks
                0x08005b48       0x28 Drivers\vl53l0x\vl53l0x_api_core.o
                0x08005b48                VL53L0X_calc_timeout_mclks
 .text.VL53L0X_calc_timeout_us
                0x08005b70       0x28 Drivers\vl53l0x\vl53l0x_api_core.o
                0x08005b70                VL53L0X_calc_timeout_us
 .text.get_sequence_step_timeout
                0x08005b98      0x108 Drivers\vl53l0x\vl53l0x_api_core.o
                0x08005b98                get_sequence_step_timeout
 .text.set_sequence_step_timeout
                0x08005ca0      0x110 Drivers\vl53l0x\vl53l0x_api_core.o
                0x08005ca0                set_sequence_step_timeout
 .text.VL53L0X_set_vcsel_pulse_period
                0x08005db0      0x216 Drivers\vl53l0x\vl53l0x_api_core.o
                0x08005db0                VL53L0X_set_vcsel_pulse_period
 .text.VL53L0X_get_vcsel_pulse_period
                0x08005fc6       0x32 Drivers\vl53l0x\vl53l0x_api_core.o
                0x08005fc6                VL53L0X_get_vcsel_pulse_period
 .text.VL53L0X_set_measurement_timing_budget_micro_seconds
                0x08005ff8       0xc2 Drivers\vl53l0x\vl53l0x_api_core.o
                0x08005ff8                VL53L0X_set_measurement_timing_budget_micro_seconds
 .text.VL53L0X_get_measurement_timing_budget_micro_seconds
                0x080060ba       0xca Drivers\vl53l0x\vl53l0x_api_core.o
                0x080060ba                VL53L0X_get_measurement_timing_budget_micro_seconds
 .text.VL53L0X_load_tuning_settings
                0x08006184       0xa6 Drivers\vl53l0x\vl53l0x_api_core.o
                0x08006184                VL53L0X_load_tuning_settings
 .text.VL53L0X_get_total_xtalk_rate
                0x0800622a       0x2c Drivers\vl53l0x\vl53l0x_api_core.o
                0x0800622a                VL53L0X_get_total_xtalk_rate
 .text.VL53L0X_get_total_signal_rate
                0x08006256       0x1c Drivers\vl53l0x\vl53l0x_api_core.o
                0x08006256                VL53L0X_get_total_signal_rate
 *fill*         0x08006272        0x2 
 .text.VL53L0X_calc_dmax
                0x08006274       0xcc Drivers\vl53l0x\vl53l0x_api_core.o
                0x08006274                VL53L0X_calc_dmax
 .text.VL53L0X_calc_sigma_estimate
                0x08006340      0x1d8 Drivers\vl53l0x\vl53l0x_api_core.o
                0x08006340                VL53L0X_calc_sigma_estimate
 .text.VL53L0X_get_pal_range_status
                0x08006518      0x204 Drivers\vl53l0x\vl53l0x_api_core.o
                0x08006518                VL53L0X_get_pal_range_status
 .text.VL53L0X_check_part_used
                0x0800671c       0x38 Drivers\vl53l0x\vl53l0x_api_strings.o
                0x0800671c                VL53L0X_check_part_used
 .text.VL53L0X_get_device_info
                0x08006754       0x84 Drivers\vl53l0x\vl53l0x_api_strings.o
                0x08006754                VL53L0X_get_device_info
 .text._I2CWrite
                0x080067d8       0x1e Drivers\vl53l0x\vl53l0x_tof.o
                0x080067d8                _I2CWrite
 .text._I2CRead
                0x080067f6       0x20 Drivers\vl53l0x\vl53l0x_tof.o
                0x080067f6                _I2CRead
 .text.VL53L0X_RdByte
                0x08006816       0x2a Drivers\vl53l0x\vl53l0x_tof.o
                0x08006816                VL53L0X_RdByte
 .text.VL53L0X_WriteMulti
                0x08006840       0x3c Drivers\vl53l0x\vl53l0x_tof.o
                0x08006840                VL53L0X_WriteMulti
 .text.VL53L0X_ReadMulti
                0x0800687c       0x2c Drivers\vl53l0x\vl53l0x_tof.o
                0x0800687c                VL53L0X_ReadMulti
 .text.VL53L0X_RdWord
                0x080068a8       0x40 Drivers\vl53l0x\vl53l0x_tof.o
                0x080068a8                VL53L0X_RdWord
 .text.VL53L0X_RdDWord
                0x080068e8       0x4c Drivers\vl53l0x\vl53l0x_tof.o
                0x080068e8                VL53L0X_RdDWord
 .text.VL53L0X_WrByte
                0x08006934       0x20 Drivers\vl53l0x\vl53l0x_tof.o
                0x08006934                VL53L0X_WrByte
 .text.VL53L0X_WrWord
                0x08006954       0x24 Drivers\vl53l0x\vl53l0x_tof.o
                0x08006954                VL53L0X_WrWord
 .text.VL53L0X_UpdateByte
                0x08006978       0x2c Drivers\vl53l0x\vl53l0x_tof.o
                0x08006978                VL53L0X_UpdateByte
 .text.VL53L0X_PollingDelay
                0x080069a4        0xc Drivers\vl53l0x\vl53l0x_tof.o
                0x080069a4                VL53L0X_PollingDelay
 .text.SetupSingleShot
                0x080069b0      0x108 Drivers\vl53l0x\vl53l0x_tof.o
                0x080069b0                SetupSingleShot
 .text.SystemClock_Config
                0x08006ab8       0xbc Src\main.o
                0x08006ab8                SystemClock_Config
 .text.startup.main
                0x08006b74      0x470 Src\main.o
                0x08006b74                main
 .text.HAL_TIM_PeriodElapsedCallback
                0x08006fe4        0x6 Src\main.o
                0x08006fe4                HAL_TIM_PeriodElapsedCallback
 *fill*         0x08006fea        0x2 
 .text.HAL_MspInit
                0x08006fec       0x30 Src\stm32l4xx_hal_msp.o
                0x08006fec                HAL_MspInit
 .text.HAL_DFSDM_ChannelMspInit
                0x0800701c       0x64 Src\stm32l4xx_hal_msp.o
                0x0800701c                HAL_DFSDM_ChannelMspInit
 .text.HAL_I2C_MspInit
                0x08007080       0x6c Src\stm32l4xx_hal_msp.o
                0x08007080                HAL_I2C_MspInit
 .text.HAL_I2C_MspDeInit
                0x080070ec       0x2c Src\stm32l4xx_hal_msp.o
                0x080070ec                HAL_I2C_MspDeInit
 .text.HAL_QSPI_MspInit
                0x08007118       0x6c Src\stm32l4xx_hal_msp.o
                0x08007118                HAL_QSPI_MspInit
 .text.HAL_SPI_MspInit
                0x08007184       0x68 Src\stm32l4xx_hal_msp.o
                0x08007184                HAL_SPI_MspInit
 .text.HAL_TIM_Base_MspInit
                0x080071ec       0x3c Src\stm32l4xx_hal_msp.o
                0x080071ec                HAL_TIM_Base_MspInit
 .text.HAL_UART_MspInit
                0x08007228       0xc8 Src\stm32l4xx_hal_msp.o
                0x08007228                HAL_UART_MspInit
 .text.HAL_PCD_MspInit
                0x080072f0       0xa0 Src\stm32l4xx_hal_msp.o
                0x080072f0                HAL_PCD_MspInit
 .text.NMI_Handler
                0x08007390        0x2 Src\stm32l4xx_it.o
                0x08007390                NMI_Handler
 .text.HardFault_Handler
                0x08007392        0x2 Src\stm32l4xx_it.o
                0x08007392                HardFault_Handler
 .text.MemManage_Handler
                0x08007394        0x2 Src\stm32l4xx_it.o
                0x08007394                MemManage_Handler
 .text.BusFault_Handler
                0x08007396        0x2 Src\stm32l4xx_it.o
                0x08007396                BusFault_Handler
 .text.UsageFault_Handler
                0x08007398        0x2 Src\stm32l4xx_it.o
                0x08007398                UsageFault_Handler
 .text.SVC_Handler
                0x0800739a        0x2 Src\stm32l4xx_it.o
                0x0800739a                SVC_Handler
 .text.DebugMon_Handler
                0x0800739c        0x2 Src\stm32l4xx_it.o
                0x0800739c                DebugMon_Handler
 .text.PendSV_Handler
                0x0800739e        0x2 Src\stm32l4xx_it.o
                0x0800739e                PendSV_Handler
 .text.SysTick_Handler
                0x080073a0        0x4 Src\stm32l4xx_it.o
                0x080073a0                SysTick_Handler
 .text.EXTI9_5_IRQHandler
                0x080073a4       0x20 Src\stm32l4xx_it.o
                0x080073a4                EXTI9_5_IRQHandler
 .text.USART1_IRQHandler
                0x080073c4      0x2ac Src\stm32l4xx_it.o
                0x080073c4                USART1_IRQHandler
 .text.EXTI15_10_IRQHandler
                0x08007670       0x2e Src\stm32l4xx_it.o
                0x08007670                EXTI15_10_IRQHandler
 *fill*         0x0800769e        0x2 
 .text.TIM6_DAC_IRQHandler
                0x080076a0        0xc Src\stm32l4xx_it.o
                0x080076a0                TIM6_DAC_IRQHandler
 .text.SystemInit
                0x080076ac       0x48 Src\system_stm32l4xx.o
                0x080076ac                SystemInit
 .text.Reset_Handler
                0x080076f4       0x50 startup\startup_stm32l475xx.o
                0x080076f4                Reset_Handler
 .text.Default_Handler
                0x08007744        0x2 startup\startup_stm32l475xx.o
                0x08007744                RTC_Alarm_IRQHandler
                0x08007744                EXTI2_IRQHandler
                0x08007744                TIM8_TRG_COM_IRQHandler
                0x08007744                TIM8_CC_IRQHandler
                0x08007744                TIM1_CC_IRQHandler
                0x08007744                TSC_IRQHandler
                0x08007744                TAMP_STAMP_IRQHandler
                0x08007744                EXTI3_IRQHandler
                0x08007744                LPTIM2_IRQHandler
                0x08007744                DFSDM1_FLT1_IRQHandler
                0x08007744                I2C3_ER_IRQHandler
                0x08007744                DFSDM1_FLT2_IRQHandler
                0x08007744                EXTI0_IRQHandler
                0x08007744                I2C2_EV_IRQHandler
                0x08007744                CAN1_RX0_IRQHandler
                0x08007744                FPU_IRQHandler
                0x08007744                TIM1_UP_TIM16_IRQHandler
                0x08007744                ADC1_2_IRQHandler
                0x08007744                SPI1_IRQHandler
                0x08007744                TIM8_UP_IRQHandler
                0x08007744                DMA2_Channel2_IRQHandler
                0x08007744                DMA1_Channel4_IRQHandler
                0x08007744                SAI2_IRQHandler
                0x08007744                DFSDM1_FLT3_IRQHandler
                0x08007744                USART3_IRQHandler
                0x08007744                DMA1_Channel7_IRQHandler
                0x08007744                CAN1_RX1_IRQHandler
                0x08007744                UART5_IRQHandler
                0x08007744                ADC3_IRQHandler
                0x08007744                TIM4_IRQHandler
                0x08007744                DMA2_Channel1_IRQHandler
                0x08007744                QUADSPI_IRQHandler
                0x08007744                I2C1_EV_IRQHandler
                0x08007744                DMA1_Channel6_IRQHandler
                0x08007744                UART4_IRQHandler
                0x08007744                DMA2_Channel4_IRQHandler
                0x08007744                TIM3_IRQHandler
                0x08007744                RCC_IRQHandler
                0x08007744                DMA1_Channel1_IRQHandler
                0x08007744                Default_Handler
                0x08007744                DMA2_Channel7_IRQHandler
                0x08007744                TIM7_IRQHandler
                0x08007744                SDMMC1_IRQHandler
                0x08007744                TIM5_IRQHandler
                0x08007744                I2C3_EV_IRQHandler
                0x08007744                RTC_WKUP_IRQHandler
                0x08007744                PVD_PVM_IRQHandler
                0x08007744                SPI2_IRQHandler
                0x08007744                CAN1_TX_IRQHandler
                0x08007744                DMA2_Channel5_IRQHandler
                0x08007744                DMA1_Channel5_IRQHandler
                0x08007744                EXTI4_IRQHandler
                0x08007744                RNG_IRQHandler
                0x08007744                TIM1_TRG_COM_TIM17_IRQHandler
                0x08007744                DMA1_Channel3_IRQHandler
                0x08007744                COMP_IRQHandler
                0x08007744                WWDG_IRQHandler
                0x08007744                LPUART1_IRQHandler
                0x08007744                DMA2_Channel6_IRQHandler
                0x08007744                TIM2_IRQHandler
                0x08007744                EXTI1_IRQHandler
                0x08007744                USART2_IRQHandler
                0x08007744                DFSDM1_FLT0_IRQHandler
                0x08007744                I2C2_ER_IRQHandler
                0x08007744                DMA1_Channel2_IRQHandler
                0x08007744                TIM8_BRK_IRQHandler
                0x08007744                CAN1_SCE_IRQHandler
                0x08007744                FLASH_IRQHandler
                0x08007744                OTG_FS_IRQHandler
                0x08007744                SPI3_IRQHandler
                0x08007744                I2C1_ER_IRQHandler
                0x08007744                FMC_IRQHandler
                0x08007744                SWPMI1_IRQHandler
                0x08007744                LPTIM1_IRQHandler
                0x08007744                SAI1_IRQHandler
                0x08007744                DMA2_Channel3_IRQHandler
                0x08007744                TIM1_BRK_TIM15_IRQHandler
 *fill*         0x08007746        0x2 
 .text.gcvt     0x08007748       0x58 c:/program files (x86)/atollic/truestudio for stm32 9.2.0/armtools/bin/../lib/gcc/arm-atollic-eabi/6.3.1/../../../../arm-atollic-eabi/lib/armv7e-m/fpu\libc_nano.a(lib_a-efgcvt.o)
                0x08007748                gcvt
 .text.__libc_init_array
                0x080077a0       0x48 c:/program files (x86)/atollic/truestudio for stm32 9.2.0/armtools/bin/../lib/gcc/arm-atollic-eabi/6.3.1/../../../../arm-atollic-eabi/lib/armv7e-m/fpu\libc_nano.a(lib_a-init.o)
                0x080077a0                __libc_init_array
 .text.memcpy   0x080077e8       0x16 c:/program files (x86)/atollic/truestudio for stm32 9.2.0/armtools/bin/../lib/gcc/arm-atollic-eabi/6.3.1/../../../../arm-atollic-eabi/lib/armv7e-m/fpu\libc_nano.a(lib_a-memcpy-stub.o)
                0x080077e8                memcpy
 .text.memset   0x080077fe       0x10 c:/program files (x86)/atollic/truestudio for stm32 9.2.0/armtools/bin/../lib/gcc/arm-atollic-eabi/6.3.1/../../../../arm-atollic-eabi/lib/armv7e-m/fpu\libc_nano.a(lib_a-memset.o)
                0x080077fe                memset
 .text.__cvt    0x0800780e       0xc2 c:/program files (x86)/atollic/truestudio for stm32 9.2.0/armtools/bin/../lib/gcc/arm-atollic-eabi/6.3.1/../../../../arm-atollic-eabi/lib/armv7e-m/fpu\libc_nano.a(lib_a-nano-vfprintf_float.o)
                0x0800780e                __cvt
 .text.__exponent
                0x080078d0       0x6a c:/program files (x86)/atollic/truestudio for stm32 9.2.0/armtools/bin/../lib/gcc/arm-atollic-eabi/6.3.1/../../../../arm-atollic-eabi/lib/armv7e-m/fpu\libc_nano.a(lib_a-nano-vfprintf_float.o)
                0x080078d0                __exponent
 *fill*         0x0800793a        0x2 
 .text._printf_float
                0x0800793c      0x480 c:/program files (x86)/atollic/truestudio for stm32 9.2.0/armtools/bin/../lib/gcc/arm-atollic-eabi/6.3.1/../../../../arm-atollic-eabi/lib/armv7e-m/fpu\libc_nano.a(lib_a-nano-vfprintf_float.o)
                0x0800793c                _printf_float
 .text._printf_common
                0x08007dbc       0xec c:/program files (x86)/atollic/truestudio for stm32 9.2.0/armtools/bin/../lib/gcc/arm-atollic-eabi/6.3.1/../../../../arm-atollic-eabi/lib/armv7e-m/fpu\libc_nano.a(lib_a-nano-vfprintf_i.o)
                0x08007dbc                _printf_common
 .text._printf_i
                0x08007ea8      0x240 c:/program files (x86)/atollic/truestudio for stm32 9.2.0/armtools/bin/../lib/gcc/arm-atollic-eabi/6.3.1/../../../../arm-atollic-eabi/lib/armv7e-m/fpu\libc_nano.a(lib_a-nano-vfprintf_i.o)
                0x08007ea8                _printf_i
 .text._puts_r  0x080080e8       0xb8 c:/program files (x86)/atollic/truestudio for stm32 9.2.0/armtools/bin/../lib/gcc/arm-atollic-eabi/6.3.1/../../../../arm-atollic-eabi/lib/armv7e-m/fpu\libc_nano.a(lib_a-puts.o)
                0x080080e8                _puts_r
 .text.puts     0x080081a0       0x10 c:/program files (x86)/atollic/truestudio for stm32 9.2.0/armtools/bin/../lib/gcc/arm-atollic-eabi/6.3.1/../../../../arm-atollic-eabi/lib/armv7e-m/fpu\libc_nano.a(lib_a-puts.o)
                0x080081a0                puts
 .text.sprintf  0x080081b0       0x48 c:/program files (x86)/atollic/truestudio for stm32 9.2.0/armtools/bin/../lib/gcc/arm-atollic-eabi/6.3.1/../../../../arm-atollic-eabi/lib/armv7e-m/fpu\libc_nano.a(lib_a-sprintf.o)
                0x080081b0                siprintf
                0x080081b0                sprintf
 .text.strcat   0x080081f8       0x1e c:/program files (x86)/atollic/truestudio for stm32 9.2.0/armtools/bin/../lib/gcc/arm-atollic-eabi/6.3.1/../../../../arm-atollic-eabi/lib/armv7e-m/fpu\libc_nano.a(lib_a-strcat.o)
                0x080081f8                strcat
 .text.strcpy   0x08008216       0x10 c:/program files (x86)/atollic/truestudio for stm32 9.2.0/armtools/bin/../lib/gcc/arm-atollic-eabi/6.3.1/../../../../arm-atollic-eabi/lib/armv7e-m/fpu\libc_nano.a(lib_a-strcpy.o)
                0x08008216                strcpy
 *fill*         0x08008226        0x2 
 .text.__swbuf_r
                0x08008228       0xa4 c:/program files (x86)/atollic/truestudio for stm32 9.2.0/armtools/bin/../lib/gcc/arm-atollic-eabi/6.3.1/../../../../arm-atollic-eabi/lib/armv7e-m/fpu\libc_nano.a(lib_a-wbuf.o)
                0x08008228                __swbuf_r
 .text.__swsetup_r
                0x080082cc       0xdc c:/program files (x86)/atollic/truestudio for stm32 9.2.0/armtools/bin/../lib/gcc/arm-atollic-eabi/6.3.1/../../../../arm-atollic-eabi/lib/armv7e-m/fpu\libc_nano.a(lib_a-wsetup.o)
                0x080082cc                __swsetup_r
 .text.quorem   0x080083a8      0x118 c:/program files (x86)/atollic/truestudio for stm32 9.2.0/armtools/bin/../lib/gcc/arm-atollic-eabi/6.3.1/../../../../arm-atollic-eabi/lib/armv7e-m/fpu\libc_nano.a(lib_a-dtoa.o)
 .text._dtoa_r  0x080084c0      0xb9c c:/program files (x86)/atollic/truestudio for stm32 9.2.0/armtools/bin/../lib/gcc/arm-atollic-eabi/6.3.1/../../../../arm-atollic-eabi/lib/armv7e-m/fpu\libc_nano.a(lib_a-dtoa.o)
                0x080084c0                _dtoa_r
 .text.print_e  0x0800905c       0xe8 c:/program files (x86)/atollic/truestudio for stm32 9.2.0/armtools/bin/../lib/gcc/arm-atollic-eabi/6.3.1/../../../../arm-atollic-eabi/lib/armv7e-m/fpu\libc_nano.a(lib_a-ecvtbuf.o)
 *fill*         0x08009144        0x4 
 .text._gcvt    0x08009148      0x18c c:/program files (x86)/atollic/truestudio for stm32 9.2.0/armtools/bin/../lib/gcc/arm-atollic-eabi/6.3.1/../../../../arm-atollic-eabi/lib/armv7e-m/fpu\libc_nano.a(lib_a-ecvtbuf.o)
                0x08009148                _gcvt
 .text.__sflush_r
                0x080092d4      0x110 c:/program files (x86)/atollic/truestudio for stm32 9.2.0/armtools/bin/../lib/gcc/arm-atollic-eabi/6.3.1/../../../../arm-atollic-eabi/lib/armv7e-m/fpu\libc_nano.a(lib_a-fflush.o)
                0x080092d4                __sflush_r
 .text._fflush_r
                0x080093e4       0x54 c:/program files (x86)/atollic/truestudio for stm32 9.2.0/armtools/bin/../lib/gcc/arm-atollic-eabi/6.3.1/../../../../arm-atollic-eabi/lib/armv7e-m/fpu\libc_nano.a(lib_a-fflush.o)
                0x080093e4                _fflush_r
 .text._cleanup_r
                0x08009438        0xc c:/program files (x86)/atollic/truestudio for stm32 9.2.0/armtools/bin/../lib/gcc/arm-atollic-eabi/6.3.1/../../../../arm-atollic-eabi/lib/armv7e-m/fpu\libc_nano.a(lib_a-findfp.o)
                0x08009438                _cleanup_r
 .text.std.isra.0
                0x08009444       0x48 c:/program files (x86)/atollic/truestudio for stm32 9.2.0/armtools/bin/../lib/gcc/arm-atollic-eabi/6.3.1/../../../../arm-atollic-eabi/lib/armv7e-m/fpu\libc_nano.a(lib_a-findfp.o)
 .text.__sfmoreglue
                0x0800948c       0x2c c:/program files (x86)/atollic/truestudio for stm32 9.2.0/armtools/bin/../lib/gcc/arm-atollic-eabi/6.3.1/../../../../arm-atollic-eabi/lib/armv7e-m/fpu\libc_nano.a(lib_a-findfp.o)
                0x0800948c                __sfmoreglue
 .text.__sinit  0x080094b8       0x60 c:/program files (x86)/atollic/truestudio for stm32 9.2.0/armtools/bin/../lib/gcc/arm-atollic-eabi/6.3.1/../../../../arm-atollic-eabi/lib/armv7e-m/fpu\libc_nano.a(lib_a-findfp.o)
                0x080094b8                __sinit
 .text.__sfp    0x08009518       0x78 c:/program files (x86)/atollic/truestudio for stm32 9.2.0/armtools/bin/../lib/gcc/arm-atollic-eabi/6.3.1/../../../../arm-atollic-eabi/lib/armv7e-m/fpu\libc_nano.a(lib_a-findfp.o)
                0x08009518                __sfp
 .text._fwalk_reent
                0x08009590       0x3c c:/program files (x86)/atollic/truestudio for stm32 9.2.0/armtools/bin/../lib/gcc/arm-atollic-eabi/6.3.1/../../../../arm-atollic-eabi/lib/armv7e-m/fpu\libc_nano.a(lib_a-fwalk.o)
                0x08009590                _fwalk_reent
 .text._localeconv_r
                0x080095cc       0x1c c:/program files (x86)/atollic/truestudio for stm32 9.2.0/armtools/bin/../lib/gcc/arm-atollic-eabi/6.3.1/../../../../arm-atollic-eabi/lib/armv7e-m/fpu\libc_nano.a(lib_a-localeconv.o)
                0x080095cc                _localeconv_r
 .text.__swhatbuf_r
                0x080095e8       0x48 c:/program files (x86)/atollic/truestudio for stm32 9.2.0/armtools/bin/../lib/gcc/arm-atollic-eabi/6.3.1/../../../../arm-atollic-eabi/lib/armv7e-m/fpu\libc_nano.a(lib_a-makebuf.o)
                0x080095e8                __swhatbuf_r
 .text.__smakebuf_r
                0x08009630       0x80 c:/program files (x86)/atollic/truestudio for stm32 9.2.0/armtools/bin/../lib/gcc/arm-atollic-eabi/6.3.1/../../../../arm-atollic-eabi/lib/armv7e-m/fpu\libc_nano.a(lib_a-makebuf.o)
                0x08009630                __smakebuf_r
 .text.malloc   0x080096b0       0x10 c:/program files (x86)/atollic/truestudio for stm32 9.2.0/armtools/bin/../lib/gcc/arm-atollic-eabi/6.3.1/../../../../arm-atollic-eabi/lib/armv7e-m/fpu\libc_nano.a(lib_a-malloc.o)
                0x080096b0                malloc
 .text._Balloc  0x080096c0       0x68 c:/program files (x86)/atollic/truestudio for stm32 9.2.0/armtools/bin/../lib/gcc/arm-atollic-eabi/6.3.1/../../../../arm-atollic-eabi/lib/armv7e-m/fpu\libc_nano.a(lib_a-mprec.o)
                0x080096c0                _Balloc
 .text._Bfree   0x08009728       0x2e c:/program files (x86)/atollic/truestudio for stm32 9.2.0/armtools/bin/../lib/gcc/arm-atollic-eabi/6.3.1/../../../../arm-atollic-eabi/lib/armv7e-m/fpu\libc_nano.a(lib_a-mprec.o)
                0x08009728                _Bfree
 .text.__multadd
                0x08009756       0x76 c:/program files (x86)/atollic/truestudio for stm32 9.2.0/armtools/bin/../lib/gcc/arm-atollic-eabi/6.3.1/../../../../arm-atollic-eabi/lib/armv7e-m/fpu\libc_nano.a(lib_a-mprec.o)
                0x08009756                __multadd
 .text.__hi0bits
                0x080097cc       0x3e c:/program files (x86)/atollic/truestudio for stm32 9.2.0/armtools/bin/../lib/gcc/arm-atollic-eabi/6.3.1/../../../../arm-atollic-eabi/lib/armv7e-m/fpu\libc_nano.a(lib_a-mprec.o)
                0x080097cc                __hi0bits
 .text.__lo0bits
                0x0800980a       0x5e c:/program files (x86)/atollic/truestudio for stm32 9.2.0/armtools/bin/../lib/gcc/arm-atollic-eabi/6.3.1/../../../../arm-atollic-eabi/lib/armv7e-m/fpu\libc_nano.a(lib_a-mprec.o)
                0x0800980a                __lo0bits
 .text.__i2b    0x08009868       0x12 c:/program files (x86)/atollic/truestudio for stm32 9.2.0/armtools/bin/../lib/gcc/arm-atollic-eabi/6.3.1/../../../../arm-atollic-eabi/lib/armv7e-m/fpu\libc_nano.a(lib_a-mprec.o)
                0x08009868                __i2b
 .text.__multiply
                0x0800987a      0x11a c:/program files (x86)/atollic/truestudio for stm32 9.2.0/armtools/bin/../lib/gcc/arm-atollic-eabi/6.3.1/../../../../arm-atollic-eabi/lib/armv7e-m/fpu\libc_nano.a(lib_a-mprec.o)
                0x0800987a                __multiply
 .text.__pow5mult
                0x08009994       0x9c c:/program files (x86)/atollic/truestudio for stm32 9.2.0/armtools/bin/../lib/gcc/arm-atollic-eabi/6.3.1/../../../../arm-atollic-eabi/lib/armv7e-m/fpu\libc_nano.a(lib_a-mprec.o)
                0x08009994                __pow5mult
 .text.__lshift
                0x08009a30       0xa2 c:/program files (x86)/atollic/truestudio for stm32 9.2.0/armtools/bin/../lib/gcc/arm-atollic-eabi/6.3.1/../../../../arm-atollic-eabi/lib/armv7e-m/fpu\libc_nano.a(lib_a-mprec.o)
                0x08009a30                __lshift
 .text.__mcmp   0x08009ad2       0x34 c:/program files (x86)/atollic/truestudio for stm32 9.2.0/armtools/bin/../lib/gcc/arm-atollic-eabi/6.3.1/../../../../arm-atollic-eabi/lib/armv7e-m/fpu\libc_nano.a(lib_a-mprec.o)
                0x08009ad2                __mcmp
 .text.__mdiff  0x08009b06       0xbc c:/program files (x86)/atollic/truestudio for stm32 9.2.0/armtools/bin/../lib/gcc/arm-atollic-eabi/6.3.1/../../../../arm-atollic-eabi/lib/armv7e-m/fpu\libc_nano.a(lib_a-mprec.o)
                0x08009b06                __mdiff
 .text.__d2b    0x08009bc2       0x9e c:/program files (x86)/atollic/truestudio for stm32 9.2.0/armtools/bin/../lib/gcc/arm-atollic-eabi/6.3.1/../../../../arm-atollic-eabi/lib/armv7e-m/fpu\libc_nano.a(lib_a-mprec.o)
                0x08009bc2                __d2b
 .text._mprec_log10
                0x08009c60       0x3c c:/program files (x86)/atollic/truestudio for stm32 9.2.0/armtools/bin/../lib/gcc/arm-atollic-eabi/6.3.1/../../../../arm-atollic-eabi/lib/armv7e-m/fpu\libc_nano.a(lib_a-mprec.o)
                0x08009c60                _mprec_log10
 .text._calloc_r
                0x08009c9c       0x1c c:/program files (x86)/atollic/truestudio for stm32 9.2.0/armtools/bin/../lib/gcc/arm-atollic-eabi/6.3.1/../../../../arm-atollic-eabi/lib/armv7e-m/fpu\libc_nano.a(lib_a-nano-callocr.o)
                0x08009c9c                _calloc_r
 .text._free_r  0x08009cb8       0x9c c:/program files (x86)/atollic/truestudio for stm32 9.2.0/armtools/bin/../lib/gcc/arm-atollic-eabi/6.3.1/../../../../arm-atollic-eabi/lib/armv7e-m/fpu\libc_nano.a(lib_a-nano-freer.o)
                0x08009cb8                _free_r
 .text._malloc_r
                0x08009d54       0xbc c:/program files (x86)/atollic/truestudio for stm32 9.2.0/armtools/bin/../lib/gcc/arm-atollic-eabi/6.3.1/../../../../arm-atollic-eabi/lib/armv7e-m/fpu\libc_nano.a(lib_a-nano-mallocr.o)
                0x08009d54                _malloc_r
 .text._realloc_r
                0x08009e10       0x4c c:/program files (x86)/atollic/truestudio for stm32 9.2.0/armtools/bin/../lib/gcc/arm-atollic-eabi/6.3.1/../../../../arm-atollic-eabi/lib/armv7e-m/fpu\libc_nano.a(lib_a-nano-reallocr.o)
                0x08009e10                _realloc_r
 .text.__ssputs_r
                0x08009e5c       0xb6 c:/program files (x86)/atollic/truestudio for stm32 9.2.0/armtools/bin/../lib/gcc/arm-atollic-eabi/6.3.1/../../../../arm-atollic-eabi/lib/armv7e-m/fpu\libc_nano.a(lib_a-nano-svfprintf.o)
                0x08009e5c                __ssputs_r
 *fill*         0x08009f12        0x2 
 .text._svfprintf_r
                0x08009f14      0x1e8 c:/program files (x86)/atollic/truestudio for stm32 9.2.0/armtools/bin/../lib/gcc/arm-atollic-eabi/6.3.1/../../../../arm-atollic-eabi/lib/armv7e-m/fpu\libc_nano.a(lib_a-nano-svfprintf.o)
                0x08009f14                _svfiprintf_r
                0x08009f14                _svfprintf_r
 .text._sbrk_r  0x0800a0fc       0x20 c:/program files (x86)/atollic/truestudio for stm32 9.2.0/armtools/bin/../lib/gcc/arm-atollic-eabi/6.3.1/../../../../arm-atollic-eabi/lib/armv7e-m/fpu\libc_nano.a(lib_a-sbrkr.o)
                0x0800a0fc                _sbrk_r
 .text.__sread  0x0800a11c       0x22 c:/program files (x86)/atollic/truestudio for stm32 9.2.0/armtools/bin/../lib/gcc/arm-atollic-eabi/6.3.1/../../../../arm-atollic-eabi/lib/armv7e-m/fpu\libc_nano.a(lib_a-stdio.o)
                0x0800a11c                __sread
 .text.__swrite
                0x0800a13e       0x38 c:/program files (x86)/atollic/truestudio for stm32 9.2.0/armtools/bin/../lib/gcc/arm-atollic-eabi/6.3.1/../../../../arm-atollic-eabi/lib/armv7e-m/fpu\libc_nano.a(lib_a-stdio.o)
                0x0800a13e                __swrite
 .text.__sseek  0x0800a176       0x24 c:/program files (x86)/atollic/truestudio for stm32 9.2.0/armtools/bin/../lib/gcc/arm-atollic-eabi/6.3.1/../../../../arm-atollic-eabi/lib/armv7e-m/fpu\libc_nano.a(lib_a-stdio.o)
                0x0800a176                __sseek
 .text.__sclose
                0x0800a19a        0x8 c:/program files (x86)/atollic/truestudio for stm32 9.2.0/armtools/bin/../lib/gcc/arm-atollic-eabi/6.3.1/../../../../arm-atollic-eabi/lib/armv7e-m/fpu\libc_nano.a(lib_a-stdio.o)
                0x0800a19a                __sclose
 *fill*         0x0800a1a2        0x2 
 .text._write_r
                0x0800a1a4       0x24 c:/program files (x86)/atollic/truestudio for stm32 9.2.0/armtools/bin/../lib/gcc/arm-atollic-eabi/6.3.1/../../../../arm-atollic-eabi/lib/armv7e-m/fpu\libc_nano.a(lib_a-writer.o)
                0x0800a1a4                _write_r
 .text._close_r
                0x0800a1c8       0x20 c:/program files (x86)/atollic/truestudio for stm32 9.2.0/armtools/bin/../lib/gcc/arm-atollic-eabi/6.3.1/../../../../arm-atollic-eabi/lib/armv7e-m/fpu\libc_nano.a(lib_a-closer.o)
                0x0800a1c8                _close_r
 .text._fstat_r
                0x0800a1e8       0x24 c:/program files (x86)/atollic/truestudio for stm32 9.2.0/armtools/bin/../lib/gcc/arm-atollic-eabi/6.3.1/../../../../arm-atollic-eabi/lib/armv7e-m/fpu\libc_nano.a(lib_a-fstatr.o)
                0x0800a1e8                _fstat_r
 .text._isatty_r
                0x0800a20c       0x20 c:/program files (x86)/atollic/truestudio for stm32 9.2.0/armtools/bin/../lib/gcc/arm-atollic-eabi/6.3.1/../../../../arm-atollic-eabi/lib/armv7e-m/fpu\libc_nano.a(lib_a-isattyr.o)
                0x0800a20c                _isatty_r
 .text._lseek_r
                0x0800a22c       0x24 c:/program files (x86)/atollic/truestudio for stm32 9.2.0/armtools/bin/../lib/gcc/arm-atollic-eabi/6.3.1/../../../../arm-atollic-eabi/lib/armv7e-m/fpu\libc_nano.a(lib_a-lseekr.o)
                0x0800a22c                _lseek_r
 .text.__ascii_mbtowc
                0x0800a250       0x24 c:/program files (x86)/atollic/truestudio for stm32 9.2.0/armtools/bin/../lib/gcc/arm-atollic-eabi/6.3.1/../../../../arm-atollic-eabi/lib/armv7e-m/fpu\libc_nano.a(lib_a-mbtowc_r.o)
                0x0800a250                __ascii_mbtowc
 .text.memmove  0x0800a274       0x34 c:/program files (x86)/atollic/truestudio for stm32 9.2.0/armtools/bin/../lib/gcc/arm-atollic-eabi/6.3.1/../../../../arm-atollic-eabi/lib/armv7e-m/fpu\libc_nano.a(lib_a-memmove.o)
                0x0800a274                memmove
 .text.__malloc_lock
                0x0800a2a8        0x2 c:/program files (x86)/atollic/truestudio for stm32 9.2.0/armtools/bin/../lib/gcc/arm-atollic-eabi/6.3.1/../../../../arm-atollic-eabi/lib/armv7e-m/fpu\libc_nano.a(lib_a-mlock.o)
                0x0800a2a8                __malloc_lock
 .text.__malloc_unlock
                0x0800a2aa        0x2 c:/program files (x86)/atollic/truestudio for stm32 9.2.0/armtools/bin/../lib/gcc/arm-atollic-eabi/6.3.1/../../../../arm-atollic-eabi/lib/armv7e-m/fpu\libc_nano.a(lib_a-mlock.o)
                0x0800a2aa                __malloc_unlock
 .text._malloc_usable_size_r
                0x0800a2ac       0x12 c:/program files (x86)/atollic/truestudio for stm32 9.2.0/armtools/bin/../lib/gcc/arm-atollic-eabi/6.3.1/../../../../arm-atollic-eabi/lib/armv7e-m/fpu\libc_nano.a(lib_a-nano-msizer.o)
                0x0800a2ac                _malloc_usable_size_r
 *fill*         0x0800a2be        0x2 
 .text._read_r  0x0800a2c0       0x24 c:/program files (x86)/atollic/truestudio for stm32 9.2.0/armtools/bin/../lib/gcc/arm-atollic-eabi/6.3.1/../../../../arm-atollic-eabi/lib/armv7e-m/fpu\libc_nano.a(lib_a-readr.o)
                0x0800a2c0                _read_r
 .text.__ascii_wctomb
                0x0800a2e4       0x1a c:/program files (x86)/atollic/truestudio for stm32 9.2.0/armtools/bin/../lib/gcc/arm-atollic-eabi/6.3.1/../../../../arm-atollic-eabi/lib/armv7e-m/fpu\libc_nano.a(lib_a-wctomb_r.o)
                0x0800a2e4                __ascii_wctomb
 *fill*         0x0800a2fe        0x2 
 .text._close   0x0800a300       0x10 c:/program files (x86)/atollic/truestudio for stm32 9.2.0/armtools/bin/../lib/gcc/arm-atollic-eabi/6.3.1/../../../../arm-atollic-eabi/lib/armv7e-m/fpu\libnosys.a(close.o)
                0x0800a300                _close
 .text._fstat   0x0800a310       0x10 c:/program files (x86)/atollic/truestudio for stm32 9.2.0/armtools/bin/../lib/gcc/arm-atollic-eabi/6.3.1/../../../../arm-atollic-eabi/lib/armv7e-m/fpu\libnosys.a(fstat.o)
                0x0800a310                _fstat
 .text._isatty  0x0800a320       0x10 c:/program files (x86)/atollic/truestudio for stm32 9.2.0/armtools/bin/../lib/gcc/arm-atollic-eabi/6.3.1/../../../../arm-atollic-eabi/lib/armv7e-m/fpu\libnosys.a(isatty.o)
                0x0800a320                _isatty
 .text._lseek   0x0800a330       0x10 c:/program files (x86)/atollic/truestudio for stm32 9.2.0/armtools/bin/../lib/gcc/arm-atollic-eabi/6.3.1/../../../../arm-atollic-eabi/lib/armv7e-m/fpu\libnosys.a(lseek.o)
                0x0800a330                _lseek
 .text._read    0x0800a340       0x10 c:/program files (x86)/atollic/truestudio for stm32 9.2.0/armtools/bin/../lib/gcc/arm-atollic-eabi/6.3.1/../../../../arm-atollic-eabi/lib/armv7e-m/fpu\libnosys.a(read.o)
                0x0800a340                _read
 .text._sbrk    0x0800a350       0x1c c:/program files (x86)/atollic/truestudio for stm32 9.2.0/armtools/bin/../lib/gcc/arm-atollic-eabi/6.3.1/../../../../arm-atollic-eabi/lib/armv7e-m/fpu\libnosys.a(sbrk.o)
                0x0800a350                _sbrk
 .text._write   0x0800a36c       0x10 c:/program files (x86)/atollic/truestudio for stm32 9.2.0/armtools/bin/../lib/gcc/arm-atollic-eabi/6.3.1/../../../../arm-atollic-eabi/lib/armv7e-m/fpu\libnosys.a(write.o)
                0x0800a36c                _write
 *(.glue_7)
 .glue_7        0x0800a37c        0x0 linker stubs
 *(.glue_7t)
 .glue_7t       0x0800a37c        0x0 linker stubs
 *(.eh_frame)
 .eh_frame      0x0800a37c        0x0 c:/program files (x86)/atollic/truestudio for stm32 9.2.0/armtools/bin/../lib/gcc/arm-atollic-eabi/6.3.1/armv7e-m/fpu/crtbegin.o
 *(.init)
 .init          0x0800a37c        0x4 c:/program files (x86)/atollic/truestudio for stm32 9.2.0/armtools/bin/../lib/gcc/arm-atollic-eabi/6.3.1/armv7e-m/fpu/crti.o
                0x0800a37c                _init
 .init          0x0800a380        0x8 c:/program files (x86)/atollic/truestudio for stm32 9.2.0/armtools/bin/../lib/gcc/arm-atollic-eabi/6.3.1/armv7e-m/fpu/crtn.o
 *(.fini)
 .fini          0x0800a388        0x4 c:/program files (x86)/atollic/truestudio for stm32 9.2.0/armtools/bin/../lib/gcc/arm-atollic-eabi/6.3.1/armv7e-m/fpu/crti.o
                0x0800a388                _fini
 .fini          0x0800a38c        0x8 c:/program files (x86)/atollic/truestudio for stm32 9.2.0/armtools/bin/../lib/gcc/arm-atollic-eabi/6.3.1/armv7e-m/fpu/crtn.o
                0x0800a394                . = ALIGN (0x4)
                0x0800a394                _etext = .

.vfp11_veneer   0x0800a394        0x0
 .vfp11_veneer  0x0800a394        0x0 linker stubs

.v4_bx          0x0800a394        0x0
 .v4_bx         0x0800a394        0x0 linker stubs

.iplt           0x0800a394        0x0
 .iplt          0x0800a394        0x0 c:/program files (x86)/atollic/truestudio for stm32 9.2.0/armtools/bin/../lib/gcc/arm-atollic-eabi/6.3.1/armv7e-m/fpu/crtbegin.o

.rodata         0x0800a398      0x620
                0x0800a398                . = ALIGN (0x4)
 *(.rodata)
 *(.rodata*)
 .rodata.CSWTCH.13
                0x0800a398       0x34 Drivers\BSP\Components\lsm6dsl\lsm6dsl.o
 .rodata.CSWTCH.15
                0x0800a3cc       0x34 Drivers\BSP\Components\lsm6dsl\lsm6dsl.o
 .rodata.CSWTCH.51
                0x0800a400        0x4 Drivers\STM32L4xx_HAL_Driver\Src\stm32l4xx_hal_uart.o
 .rodata.CSWTCH.52
                0x0800a404        0xd Drivers\STM32L4xx_HAL_Driver\Src\stm32l4xx_hal_uart.o
 .rodata.VL53L0X_check_part_used.str1.1
                0x0800a411        0x0 Drivers\vl53l0x\vl53l0x_api_strings.o
                                  0x1 (size before relaxing)
 .rodata.VL53L0X_get_device_info.str1.1
                0x0800a411       0x41 Drivers\vl53l0x\vl53l0x_api_strings.o
 .rodata.SetupSingleShot.str1.1
                0x0800a452      0x122 Drivers\vl53l0x\vl53l0x_tof.o
 .rodata.main.str1.1
                0x0800a574       0x11 Src\main.o
 .rodata.USART1_IRQHandler.str1.1
                0x0800a585      0x12b Src\stm32l4xx_it.o
                                0x12e (size before relaxing)
 .rodata.AHBPrescTable
                0x0800a6b0       0x10 Src\system_stm32l4xx.o
                0x0800a6b0                AHBPrescTable
 .rodata.APBPrescTable
                0x0800a6c0        0x8 Src\system_stm32l4xx.o
                0x0800a6c0                APBPrescTable
 .rodata.MSIRangeTable
                0x0800a6c8       0x30 Src\system_stm32l4xx.o
                0x0800a6c8                MSIRangeTable
 .rodata._global_impure_ptr
                0x0800a6f8        0x4 c:/program files (x86)/atollic/truestudio for stm32 9.2.0/armtools/bin/../lib/gcc/arm-atollic-eabi/6.3.1/../../../../arm-atollic-eabi/lib/armv7e-m/fpu\libc_nano.a(lib_a-impure.o)
                0x0800a6f8                _global_impure_ptr
 .rodata._printf_float.str1.1
                0x0800a6fc       0x10 c:/program files (x86)/atollic/truestudio for stm32 9.2.0/armtools/bin/../lib/gcc/arm-atollic-eabi/6.3.1/../../../../arm-atollic-eabi/lib/armv7e-m/fpu\libc_nano.a(lib_a-nano-vfprintf_float.o)
                                 0x12 (size before relaxing)
 .rodata._printf_i.str1.1
                0x0800a70c       0x22 c:/program files (x86)/atollic/truestudio for stm32 9.2.0/armtools/bin/../lib/gcc/arm-atollic-eabi/6.3.1/../../../../arm-atollic-eabi/lib/armv7e-m/fpu\libc_nano.a(lib_a-nano-vfprintf_i.o)
 .rodata._dtoa_r.str1.1
                0x0800a72e        0xd c:/program files (x86)/atollic/truestudio for stm32 9.2.0/armtools/bin/../lib/gcc/arm-atollic-eabi/6.3.1/../../../../arm-atollic-eabi/lib/armv7e-m/fpu\libc_nano.a(lib_a-dtoa.o)
                                  0xf (size before relaxing)
 *fill*         0x0800a73b        0x1 
 .rodata.__sf_fake_stderr
                0x0800a73c       0x20 c:/program files (x86)/atollic/truestudio for stm32 9.2.0/armtools/bin/../lib/gcc/arm-atollic-eabi/6.3.1/../../../../arm-atollic-eabi/lib/armv7e-m/fpu\libc_nano.a(lib_a-findfp.o)
                0x0800a73c                __sf_fake_stderr
 .rodata.__sf_fake_stdin
                0x0800a75c       0x20 c:/program files (x86)/atollic/truestudio for stm32 9.2.0/armtools/bin/../lib/gcc/arm-atollic-eabi/6.3.1/../../../../arm-atollic-eabi/lib/armv7e-m/fpu\libc_nano.a(lib_a-findfp.o)
                0x0800a75c                __sf_fake_stdin
 .rodata.__sf_fake_stdout
                0x0800a77c       0x20 c:/program files (x86)/atollic/truestudio for stm32 9.2.0/armtools/bin/../lib/gcc/arm-atollic-eabi/6.3.1/../../../../arm-atollic-eabi/lib/armv7e-m/fpu\libc_nano.a(lib_a-findfp.o)
                0x0800a77c                __sf_fake_stdout
 *fill*         0x0800a79c        0x4 
 .rodata.__mprec_bigtens
                0x0800a7a0       0x28 c:/program files (x86)/atollic/truestudio for stm32 9.2.0/armtools/bin/../lib/gcc/arm-atollic-eabi/6.3.1/../../../../arm-atollic-eabi/lib/armv7e-m/fpu\libc_nano.a(lib_a-mprec.o)
                0x0800a7a0                __mprec_bigtens
 .rodata.__mprec_tens
                0x0800a7c8       0xc8 c:/program files (x86)/atollic/truestudio for stm32 9.2.0/armtools/bin/../lib/gcc/arm-atollic-eabi/6.3.1/../../../../arm-atollic-eabi/lib/armv7e-m/fpu\libc_nano.a(lib_a-mprec.o)
                0x0800a7c8                __mprec_tens
 .rodata.p05.7175
                0x0800a890        0xc c:/program files (x86)/atollic/truestudio for stm32 9.2.0/armtools/bin/../lib/gcc/arm-atollic-eabi/6.3.1/../../../../arm-atollic-eabi/lib/armv7e-m/fpu\libc_nano.a(lib_a-mprec.o)
 .rodata._svfprintf_r.str1.1
                0x0800a89c       0x11 c:/program files (x86)/atollic/truestudio for stm32 9.2.0/armtools/bin/../lib/gcc/arm-atollic-eabi/6.3.1/../../../../arm-atollic-eabi/lib/armv7e-m/fpu\libc_nano.a(lib_a-nano-svfprintf.o)
 .rodata._setlocale_r.str1.1
                0x0800a8ad        0x8 c:/program files (x86)/atollic/truestudio for stm32 9.2.0/armtools/bin/../lib/gcc/arm-atollic-eabi/6.3.1/../../../../arm-atollic-eabi/lib/armv7e-m/fpu\libc_nano.a(lib_a-locale.o)
                                  0x9 (size before relaxing)
 .rodata.str1.1
                0x0800a8b5        0x2 c:/program files (x86)/atollic/truestudio for stm32 9.2.0/armtools/bin/../lib/gcc/arm-atollic-eabi/6.3.1/../../../../arm-atollic-eabi/lib/armv7e-m/fpu\libc_nano.a(lib_a-locale.o)
 .rodata._ctype_
                0x0800a8b7      0x101 c:/program files (x86)/atollic/truestudio for stm32 9.2.0/armtools/bin/../lib/gcc/arm-atollic-eabi/6.3.1/../../../../arm-atollic-eabi/lib/armv7e-m/fpu\libc_nano.a(lib_a-ctype_.o)
                0x0800a8b7                _ctype_
                0x0800a9b8                . = ALIGN (0x4)

.ARM.extab
 *(.ARM.extab* .gnu.linkonce.armextab.*)

.ARM            0x0800a9b8        0x8
                0x0800a9b8                __exidx_start = .
 *(.ARM.exidx*)
 .ARM.exidx     0x0800a9b8        0x8 c:/program files (x86)/atollic/truestudio for stm32 9.2.0/armtools/bin/../lib/gcc/arm-atollic-eabi/6.3.1/armv7e-m/fpu\libgcc.a(_udivmoddi4.o)
                0x0800a9c0                __exidx_end = .

.rel.dyn        0x0800a9c0        0x0
 .rel.iplt      0x0800a9c0        0x0 c:/program files (x86)/atollic/truestudio for stm32 9.2.0/armtools/bin/../lib/gcc/arm-atollic-eabi/6.3.1/armv7e-m/fpu/crtbegin.o

.preinit_array  0x0800a9c0        0x0
                0x0800a9c0                PROVIDE (__preinit_array_start, .)
 *(.preinit_array*)
                0x0800a9c0                PROVIDE (__preinit_array_end, .)

.init_array     0x0800a9c0        0x4
                0x0800a9c0                PROVIDE (__init_array_start, .)
 *(SORT(.init_array.*))
 *(.init_array*)
 .init_array    0x0800a9c0        0x4 c:/program files (x86)/atollic/truestudio for stm32 9.2.0/armtools/bin/../lib/gcc/arm-atollic-eabi/6.3.1/armv7e-m/fpu/crtbegin.o
                0x0800a9c4                PROVIDE (__init_array_end, .)

.fini_array     0x0800a9c4        0x4
                [!provide]                PROVIDE (__fini_array_start, .)
 *(SORT(.fini_array.*))
 *(.fini_array*)
 .fini_array    0x0800a9c4        0x4 c:/program files (x86)/atollic/truestudio for stm32 9.2.0/armtools/bin/../lib/gcc/arm-atollic-eabi/6.3.1/armv7e-m/fpu/crtbegin.o
                [!provide]                PROVIDE (__fini_array_end, .)
                0x0800a9c8                _sidata = LOADADDR (.data)

.data           0x20000000      0x6e8 load address 0x0800a9c8
                0x20000000                . = ALIGN (0x4)
                0x20000000                _sdata = .
 *(.data)
 *(.data*)
 .data.BUTTON_PORT
                0x20000000        0x4 Drivers\BSP\B-L475E-IOT01\stm32l475e_iot01.o
                0x20000000                BUTTON_PORT
 .data.GPIO_PORT
                0x20000004        0x4 Drivers\BSP\B-L475E-IOT01\stm32l475e_iot01.o
                0x20000004                GPIO_PORT
 .data.HTS221_H_Drv
                0x20000008        0xc Drivers\BSP\Components\hts221\hts221.o
                0x20000008                HTS221_H_Drv
 .data.HTS221_T_Drv
                0x20000014       0x10 Drivers\BSP\Components\hts221\hts221.o
                0x20000014                HTS221_T_Drv
 .data.Lis3mdlMagDrv
                0x20000024       0x34 Drivers\BSP\Components\lis3mdl\lis3mdl.o
                0x20000024                Lis3mdlMagDrv
 .data.LPS22HB_P_Drv
                0x20000058        0xc Drivers\BSP\Components\lps22hb\lps22hb.o
                0x20000058                LPS22HB_P_Drv
 .data.Lsm6dslAccDrv
                0x20000064       0x34 Drivers\BSP\Components\lsm6dsl\lsm6dsl.o
                0x20000064                Lsm6dslAccDrv
 .data.Lsm6dslGyroDrv
                0x20000098       0x34 Drivers\BSP\Components\lsm6dsl\lsm6dsl.o
                0x20000098                Lsm6dslGyroDrv
 .data.DefaultTuningSettings
                0x200000cc       0xf3 Drivers\vl53l0x\vl53l0x_api.o
                0x200000cc                DefaultTuningSettings
 .data.InterruptThresholdSettings
                0x200001bf      0x1b6 Drivers\vl53l0x\vl53l0x_api.o
                0x200001bf                InterruptThresholdSettings
 *fill*         0x20000375        0x3 
 .data.refArrayQuadrants
                0x20000378       0x10 Drivers\vl53l0x\vl53l0x_api_calibration.o
                0x20000378                refArrayQuadrants
 .data.Dev      0x20000388      0x188 Src\stm32l4xx_it.o
                0x20000388                Dev
 .data.init_done
                0x20000510        0x4 Src\stm32l4xx_it.o
                0x20000510                init_done
 .data.SystemCoreClock
                0x20000514        0x4 Src\system_stm32l4xx.o
                0x20000514                SystemCoreClock
 .data._impure_ptr
                0x20000518        0x4 c:/program files (x86)/atollic/truestudio for stm32 9.2.0/armtools/bin/../lib/gcc/arm-atollic-eabi/6.3.1/../../../../arm-atollic-eabi/lib/armv7e-m/fpu\libc_nano.a(lib_a-impure.o)
                0x20000518                _impure_ptr
 .data.impure_data
                0x2000051c       0x60 c:/program files (x86)/atollic/truestudio for stm32 9.2.0/armtools/bin/../lib/gcc/arm-atollic-eabi/6.3.1/../../../../arm-atollic-eabi/lib/armv7e-m/fpu\libc_nano.a(lib_a-impure.o)
 .data.__global_locale
                0x2000057c      0x16c c:/program files (x86)/atollic/truestudio for stm32 9.2.0/armtools/bin/../lib/gcc/arm-atollic-eabi/6.3.1/../../../../arm-atollic-eabi/lib/armv7e-m/fpu\libc_nano.a(lib_a-locale.o)
                0x2000057c                __global_locale
                0x200006e8                . = ALIGN (0x4)
                0x200006e8                _edata = .

.igot.plt       0x200006e8        0x0 load address 0x0800b0b0
 .igot.plt      0x200006e8        0x0 c:/program files (x86)/atollic/truestudio for stm32 9.2.0/armtools/bin/../lib/gcc/arm-atollic-eabi/6.3.1/armv7e-m/fpu/crtbegin.o
                0x200006e8                . = ALIGN (0x4)

.bss            0x200006e8      0x808 load address 0x0800b0b0
                0x200006e8                _sbss = .
                0x200006e8                __bss_start__ = _sbss
 *(.bss)
 .bss           0x200006e8       0x1c c:/program files (x86)/atollic/truestudio for stm32 9.2.0/armtools/bin/../lib/gcc/arm-atollic-eabi/6.3.1/armv7e-m/fpu/crtbegin.o
 *(.bss*)
 .bss.AccelerometerDrv
                0x20000704        0x4 Drivers\BSP\B-L475E-IOT01\stm32l475e_iot01_accelero.o
 .bss.GyroscopeDrv
                0x20000708        0x4 Drivers\BSP\B-L475E-IOT01\stm32l475e_iot01_gyro.o
 .bss.Hsensor_drv
                0x2000070c        0x4 Drivers\BSP\B-L475E-IOT01\stm32l475e_iot01_hsensor.o
 .bss.MagnetoDrv
                0x20000710        0x4 Drivers\BSP\B-L475E-IOT01\stm32l475e_iot01_magneto.o
 .bss.Psensor_drv
                0x20000714        0x4 Drivers\BSP\B-L475E-IOT01\stm32l475e_iot01_psensor.o
 .bss.tsensor_drv
                0x20000718        0x4 Drivers\BSP\B-L475E-IOT01\stm32l475e_iot01_tsensor.o
 .bss.a_dfsdm1ChannelHandle
                0x2000071c       0x20 Drivers\STM32L4xx_HAL_Driver\Src\stm32l4xx_hal_dfsdm.o
 .bss.v_dfsdm1ChannelCounter
                0x2000073c        0x4 Drivers\STM32L4xx_HAL_Driver\Src\stm32l4xx_hal_dfsdm.o
 .bss.DFSDM1_Init
                0x20000740        0x4 Src\stm32l4xx_hal_msp.o
 .bss.prox_value
                0x20000744        0x2 Src\stm32l4xx_it.o
                0x20000744                prox_value
 *fill*         0x20000746        0x2 
 .bss.__malloc_free_list
                0x20000748        0x4 c:/program files (x86)/atollic/truestudio for stm32 9.2.0/armtools/bin/../lib/gcc/arm-atollic-eabi/6.3.1/../../../../arm-atollic-eabi/lib/armv7e-m/fpu\libc_nano.a(lib_a-nano-mallocr.o)
                0x20000748                __malloc_free_list
 .bss.__malloc_sbrk_start
                0x2000074c        0x4 c:/program files (x86)/atollic/truestudio for stm32 9.2.0/armtools/bin/../lib/gcc/arm-atollic-eabi/6.3.1/../../../../arm-atollic-eabi/lib/armv7e-m/fpu\libc_nano.a(lib_a-nano-mallocr.o)
                0x2000074c                __malloc_sbrk_start
 .bss.heap_end.5239
                0x20000750        0x4 c:/program files (x86)/atollic/truestudio for stm32 9.2.0/armtools/bin/../lib/gcc/arm-atollic-eabi/6.3.1/../../../../arm-atollic-eabi/lib/armv7e-m/fpu\libnosys.a(sbrk.o)
 *(COMMON)
 COMMON         0x20000754       0xc4 Drivers\BSP\B-L475E-IOT01\stm32l475e_iot01.o
                0x20000754                hDiscoUart
                0x200007cc                hI2cHandler
 COMMON         0x20000818        0x4 Drivers\STM32L4xx_HAL_Driver\Src\stm32l4xx_hal.o
                0x20000818                uwTick
 COMMON         0x2000081c       0x40 Drivers\vl53l0x\vl53l0x_tof.o
                0x2000081c                _I2CBuffer
 COMMON         0x2000085c      0x668 Src\main.o
                0x2000085c                hdfsdm1_channel1
                0x20000894                huart3
                0x2000090c                hpcd_USB_OTG_FS
                0x20000d14                hi2c2
                0x20000d60                pressure_Value
                0x20000d64                hspi3
                0x20000dc8                huart1
                0x20000e40                htim6
                0x20000e80                hqspi
 COMMON         0x20000ec4       0x26 Src\stm32l4xx_it.o
                0x20000ec4                RX_BUFF
                0x20000ec8                humidity_Value
                0x20000ecc                rx_buff
                0x20000ece                mag_value
                0x20000ed4                temp_Value
                0x20000ed8                gyro_value
                0x20000ee4                acc_value
 *fill*         0x20000eea        0x2 
 COMMON         0x20000eec        0x4 c:/program files (x86)/atollic/truestudio for stm32 9.2.0/armtools/bin/../lib/gcc/arm-atollic-eabi/6.3.1/../../../../arm-atollic-eabi/lib/armv7e-m/fpu\libc_nano.a(lib_a-reent.o)
                0x20000eec                errno
                0x20000ef0                . = ALIGN (0x4)
                0x20000ef0                _ebss = .
                0x20000ef0                __bss_end__ = _ebss

._user_heap_stack
                0x20000ef0      0x600 load address 0x0800b0b0
                0x20000ef0                . = ALIGN (0x4)
                0x20000ef0                PROVIDE (end, .)
                [!provide]                PROVIDE (_end, .)
                0x200010f0                . = (. + _Min_Heap_Size)
 *fill*         0x20000ef0      0x200 
                0x200014f0                . = (. + _Min_Stack_Size)
 *fill*         0x200010f0      0x400 
                0x200014f0                . = ALIGN (0x4)

/DISCARD/
 libc.a(*)
 libm.a(*)
 libgcc.a(*)

.ARM.attributes
                0x00000000       0x30
 *(.ARM.attributes)
 .ARM.attributes
                0x00000000       0x22 c:/program files (x86)/atollic/truestudio for stm32 9.2.0/armtools/bin/../lib/gcc/arm-atollic-eabi/6.3.1/armv7e-m/fpu/crti.o
 .ARM.attributes
                0x00000022       0x34 c:/program files (x86)/atollic/truestudio for stm32 9.2.0/armtools/bin/../lib/gcc/arm-atollic-eabi/6.3.1/armv7e-m/fpu/crtbegin.o
 .ARM.attributes
                0x00000056       0x39 Drivers\BSP\B-L475E-IOT01\stm32l475e_iot01.o
 .ARM.attributes
                0x0000008f       0x39 Drivers\BSP\B-L475E-IOT01\stm32l475e_iot01_accelero.o
 .ARM.attributes
                0x000000c8       0x39 Drivers\BSP\B-L475E-IOT01\stm32l475e_iot01_gyro.o
 .ARM.attributes
                0x00000101       0x39 Drivers\BSP\B-L475E-IOT01\stm32l475e_iot01_hsensor.o
 .ARM.attributes
                0x0000013a       0x39 Drivers\BSP\B-L475E-IOT01\stm32l475e_iot01_magneto.o
 .ARM.attributes
                0x00000173       0x39 Drivers\BSP\B-L475E-IOT01\stm32l475e_iot01_psensor.o
 .ARM.attributes