stm32l4xx_ll_usb.c:1068:26:USB_CoreReset	0	static
stm32l4xx_ll_usb.c:100:19:USB_CoreInit	16	static
stm32l4xx_ll_usb.c:139:19:USB_EnableGlobalInt	0	static
stm32l4xx_ll_usb.c:151:19:USB_DisableGlobalInt	0	static
stm32l4xx_ll_usb.c:167:19:USB_SetCurrentMode	8	static
stm32l4xx_ll_usb.c:319:19:USB_FlushTxFifo	0	static
stm32l4xx_ll_usb.c:342:19:USB_FlushRxFifo	0	static
stm32l4xx_ll_usb.c:370:19:USB_SetDevSpeed	0	static
stm32l4xx_ll_usb.c:196:19:USB_DevInit	24	static
stm32l4xx_ll_usb.c:386:9:USB_GetDevSpeed	0	static
stm32l4xx_ll_usb.c:415:19:USB_ActivateEndpoint	16	static
stm32l4xx_ll_usb.c:453:19:USB_ActivateDedicatedEndpoint	20	static
stm32l4xx_ll_usb.c:492:19:USB_DeactivateEndpoint	12	static
stm32l4xx_ll_usb.c:527:19:USB_DeactivateDedicatedEndpoint	12	static
stm32l4xx_ll_usb.c:662:19:USB_EP0StartXfer	16	static
stm32l4xx_ll_usb.c:737:19:USB_WritePacket	0	static
stm32l4xx_ll_usb.c:553:19:USB_EPStartXfer	24	static
stm32l4xx_ll_usb.c:761:7:USB_ReadPacket	0	static
stm32l4xx_ll_usb.c:783:19:USB_EPSetStall	0	static
stm32l4xx_ll_usb.c:814:19:USB_EPClearStall	0	static
stm32l4xx_ll_usb.c:843:19:USB_StopDevice	16	static
stm32l4xx_ll_usb.c:874:20:USB_SetDevAddress	0	static
stm32l4xx_ll_usb.c:889:20:USB_DevConnect	8	static
stm32l4xx_ll_usb.c:904:20:USB_DevDisconnect	8	static
stm32l4xx_ll_usb.c:919:11:USB_ReadInterrupts	0	static
stm32l4xx_ll_usb.c:934:10:USB_ReadDevAllOutEpInterrupt	0	static
stm32l4xx_ll_usb.c:950:10:USB_ReadDevAllInEpInterrupt	0	static
stm32l4xx_ll_usb.c:968:10:USB_ReadDevOutEPInterrupt	0	static
stm32l4xx_ll_usb.c:986:10:USB_ReadDevInEPInterrupt	8	static
stm32l4xx_ll_usb.c:1005:7:USB_ClearInterrupts	0	static
stm32l4xx_ll_usb.c:1018:10:USB_GetMode	0	static
stm32l4xx_ll_usb.c:1028:20:USB_ActivateSetup	0	static
stm32l4xx_ll_usb.c:1050:19:USB_EP0_OutStart	0	static
stm32l4xx_ll_usb.c:1188:19:USB_InitFSLSPClkSel	8	static
stm32l4xx_ll_usb.c:1218:19:USB_ResetPort	24	static
stm32l4xx_ll_usb.c:1245:19:USB_DriveVbus	8	static
stm32l4xx_ll_usb.c:1106:19:USB_HostInit	16	static
stm32l4xx_ll_usb.c:1274:10:USB_GetHostSpeed	8	static
stm32l4xx_ll_usb.c:1288:10:USB_GetCurrentFrame	0	static
stm32l4xx_ll_usb.c:1318:19:USB_HC_Init	24	static
stm32l4xx_ll_usb.c:1428:19:USB_HC_StartXfer	24	static
stm32l4xx_ll_usb.c:1529:10:USB_HC_ReadInterrupt	0	static
stm32l4xx_ll_usb.c:1543:19:USB_HC_Halt	0	static
stm32l4xx_ll_usb.c:1608:19:USB_DoPing	0	static
stm32l4xx_ll_usb.c:1632:19:USB_StopHost	8	static
stm32l4xx_ll_usb.c:1688:19:USB_ActivateRemoteWakeup	0	static
stm32l4xx_ll_usb.c:1706:19:USB_DeActivateRemoteWakeup	0	static
