stm32l4xx_hal_qspi.c:2516:13:QSPI_DMARxCplt	0	static
stm32l4xx_hal_qspi.c:2530:13:QSPI_DMATxCplt	0	static
stm32l4xx_hal_qspi.c:2673:13:QSPI_Config	28	static
stm32l4xx_hal_qspi.c:2640:26:QSPI_WaitFlagStateUntilTimeout	24	static
stm32l4xx_hal_qspi.c:463:13:HAL_QSPI_MspInit	0	static
stm32l4xx_hal_qspi.c:307:19:HAL_QSPI_Init	24	static
stm32l4xx_hal_qspi.c:478:13:HAL_QSPI_MspDeInit	0	static
stm32l4xx_hal_qspi.c:419:19:HAL_QSPI_DeInit	8	static
stm32l4xx_hal_qspi.c:814:19:HAL_QSPI_Command	40	static
stm32l4xx_hal_qspi.c:903:19:HAL_QSPI_Command_IT	32	static
stm32l4xx_hal_qspi.c:1179:19:HAL_QSPI_Transmit_IT	8	static
stm32l4xx_hal_qspi.c:1239:19:HAL_QSPI_Receive_IT	12	static
stm32l4xx_hal_qspi.c:1307:19:HAL_QSPI_Transmit_DMA	16	static
stm32l4xx_hal_qspi.c:1451:19:HAL_QSPI_Receive_DMA	24	static
stm32l4xx_hal_qspi.c:1597:19:HAL_QSPI_AutoPolling	40	static
stm32l4xx_hal_qspi.c:1697:19:HAL_QSPI_AutoPolling_IT	32	static
stm32l4xx_hal_qspi.c:1801:19:HAL_QSPI_MemoryMapped	32	static
stm32l4xx_hal_qspi.c:1887:13:HAL_QSPI_ErrorCallback	0	static
stm32l4xx_hal_qspi.c:2597:13:QSPI_DMAAbortCplt	8	static
stm32l4xx_hal_qspi.c:1902:13:HAL_QSPI_AbortCpltCallback	0	static
stm32l4xx_hal_qspi.c:1917:13:HAL_QSPI_CmdCpltCallback	0	static
stm32l4xx_hal_qspi.c:1932:13:HAL_QSPI_RxCpltCallback	0	static
stm32l4xx_hal_qspi.c:1947:13:HAL_QSPI_TxCpltCallback	0	static
stm32l4xx_hal_qspi.c:1962:13:HAL_QSPI_RxHalfCpltCallback	0	static
stm32l4xx_hal_qspi.c:2544:13:QSPI_DMARxHalfCplt	8	static
stm32l4xx_hal_qspi.c:1977:13:HAL_QSPI_TxHalfCpltCallback	0	static
stm32l4xx_hal_qspi.c:2560:13:QSPI_DMATxHalfCplt	8	static
stm32l4xx_hal_qspi.c:1992:13:HAL_QSPI_FifoThresholdCallback	0	static
stm32l4xx_hal_qspi.c:2007:13:HAL_QSPI_StatusMatchCallback	0	static
stm32l4xx_hal_qspi.c:2022:13:HAL_QSPI_TimeOutCallback	0	static
stm32l4xx_hal_qspi.c:2280:23:HAL_QSPI_GetState	0	static
stm32l4xx_hal_qspi.c:2291:10:HAL_QSPI_GetError	0	static
stm32l4xx_hal_qspi.c:2301:19:HAL_QSPI_Abort	24	static
stm32l4xx_hal_qspi.c:1003:19:HAL_QSPI_Transmit	32	static
stm32l4xx_hal_qspi.c:1090:19:HAL_QSPI_Receive	32	static
stm32l4xx_hal_qspi.c:2357:19:HAL_QSPI_Abort_IT	8	static
stm32l4xx_hal_qspi.c:517:6:HAL_QSPI_IRQHandler	16	static
stm32l4xx_hal_qspi.c:2576:13:QSPI_DMAError	0	static
stm32l4xx_hal_qspi.c:2413:6:HAL_QSPI_SetTimeout	0	static
stm32l4xx_hal_qspi.c:2423:19:HAL_QSPI_SetFifoThreshold	8	static
stm32l4xx_hal_qspi.c:2455:10:HAL_QSPI_GetFifoThreshold	0	static
