stm32l4xx_hal_spi.c:3884:26:SPI_WaitFifoStateUntilTimeout.part.1	0	static
stm32l4xx_hal_spi.c:3832:26:SPI_WaitFlagStateUntilTimeout.constprop	16	static
stm32l4xx_hal_spi.c:3884:26:SPI_WaitFifoStateUntilTimeout.constprop	24	static
stm32l4xx_hal_spi.c:4191:13:SPI_AbortRx_ISR	16	static
stm32l4xx_hal_spi.c:3976:26:SPI_EndRxTxTransaction	16	static
stm32l4xx_hal_spi.c:4236:13:SPI_AbortTx_ISR	16	static
stm32l4xx_hal_spi.c:3940:26:SPI_EndRxTransaction	24	static
stm32l4xx_hal_spi.c:518:13:HAL_SPI_MspInit	0	static
stm32l4xx_hal_spi.c:329:19:HAL_SPI_Init	16	static
stm32l4xx_hal_spi.c:534:13:HAL_SPI_MspDeInit	0	static
stm32l4xx_hal_spi.c:474:19:HAL_SPI_DeInit	8	static
stm32l4xx_hal_spi.c:805:19:HAL_SPI_Transmit	32	static
stm32l4xx_hal_spi.c:1213:19:HAL_SPI_TransmitReceive	32	static
stm32l4xx_hal_spi.c:988:19:HAL_SPI_Receive	32	static
stm32l4xx_hal_spi.c:1511:19:HAL_SPI_Transmit_IT	0	static
stm32l4xx_hal_spi.c:1699:19:HAL_SPI_TransmitReceive_IT	12	static
stm32l4xx_hal_spi.c:1594:19:HAL_SPI_Receive_IT	12	static
stm32l4xx_hal_spi.c:1808:19:HAL_SPI_Transmit_DMA	8	static
stm32l4xx_hal_spi.c:2072:19:HAL_SPI_TransmitReceive_DMA	16	static
stm32l4xx_hal_spi.c:1930:19:HAL_SPI_Receive_DMA	16	static
stm32l4xx_hal_spi.c:2262:19:HAL_SPI_Abort	24	static
stm32l4xx_hal_spi.c:2614:19:HAL_SPI_DMAPause	0	static
stm32l4xx_hal_spi.c:2634:19:HAL_SPI_DMAResume	0	static
stm32l4xx_hal_spi.c:2654:19:HAL_SPI_DMAStop	16	static
stm32l4xx_hal_spi.c:2800:13:HAL_SPI_TxCpltCallback	0	static
stm32l4xx_hal_spi.c:2816:13:HAL_SPI_RxCpltCallback	0	static
stm32l4xx_hal_spi.c:2832:13:HAL_SPI_TxRxCpltCallback	0	static
stm32l4xx_hal_spi.c:2848:13:HAL_SPI_TxHalfCpltCallback	0	static
stm32l4xx_hal_spi.c:3227:13:SPI_DMAHalfTransmitCplt	8	static
stm32l4xx_hal_spi.c:2864:13:HAL_SPI_RxHalfCpltCallback	0	static
stm32l4xx_hal_spi.c:3245:13:SPI_DMAHalfReceiveCplt	8	static
stm32l4xx_hal_spi.c:2880:13:HAL_SPI_TxRxHalfCpltCallback	0	static
stm32l4xx_hal_spi.c:3263:13:SPI_DMAHalfTransmitReceiveCplt	8	static
stm32l4xx_hal_spi.c:2896:13:HAL_SPI_ErrorCallback	0	static
stm32l4xx_hal_spi.c:4142:13:SPI_CloseTx_ISR	16	static
stm32l4xx_hal_spi.c:3777:13:SPI_TxISR_8BIT	0	static
stm32l4xx_hal_spi.c:3802:13:SPI_TxISR_16BIT	4	static
stm32l4xx_hal_spi.c:4085:13:SPI_CloseRx_ISR	8	static
stm32l4xx_hal_spi.c:3692:13:SPI_RxISR_8BIT	0	static
stm32l4xx_hal_spi.c:3744:13:SPI_RxISR_16BIT	0	static
stm32l4xx_hal_spi.c:4008:13:SPI_CloseRxTx_ISR	8	static
stm32l4xx_hal_spi.c:3535:13:SPI_2linesTxISR_8BIT	0	static
stm32l4xx_hal_spi.c:3457:13:SPI_2linesRxISR_8BIT	0	static
stm32l4xx_hal_spi.c:3634:13:SPI_2linesTxISR_16BIT	4	static
stm32l4xx_hal_spi.c:3582:13:SPI_2linesRxISR_16BIT	4	static
stm32l4xx_hal_spi.c:3281:13:SPI_DMAError	8	static
stm32l4xx_hal_spi.c:2986:13:SPI_DMATransmitCplt	24	static
stm32l4xx_hal_spi.c:3043:13:SPI_DMAReceiveCplt	16	static
stm32l4xx_hal_spi.c:3138:13:SPI_DMATransmitReceiveCplt	16	static
stm32l4xx_hal_spi.c:2694:6:HAL_SPI_IRQHandler	32	static
stm32l4xx_hal_spi.c:3304:13:SPI_DMAAbortOnError	8	static
stm32l4xx_hal_spi.c:2914:13:HAL_SPI_AbortCpltCallback	0	static
stm32l4xx_hal_spi.c:2418:19:HAL_SPI_Abort_IT	32	static
stm32l4xx_hal_spi.c:3392:13:SPI_DMARxAbortCallback	16	static
stm32l4xx_hal_spi.c:3326:13:SPI_DMATxAbortCallback	16	static
stm32l4xx_hal_spi.c:2949:22:HAL_SPI_GetState	0	static
stm32l4xx_hal_spi.c:2961:10:HAL_SPI_GetError	0	static
