stm32l4xx_hal_pcd.c:294:13:HAL_PCD_MspInit	0	static
stm32l4xx_hal_pcd.c:148:19:HAL_PCD_Init	64	static
stm32l4xx_hal_pcd.c:309:13:HAL_PCD_MspDeInit	0	static
stm32l4xx_hal_pcd.c:1004:19:HAL_PCD_Start	8	static
stm32l4xx_hal_pcd.c:1018:19:HAL_PCD_Stop	8	static
stm32l4xx_hal_pcd.c:258:19:HAL_PCD_DeInit	8	static
stm32l4xx_hal_pcd.c:1619:13:HAL_PCD_DataOutStageCallback	0	static
stm32l4xx_hal_pcd.c:1636:13:HAL_PCD_DataInStageCallback	0	static
stm32l4xx_hal_pcd.c:1651:13:HAL_PCD_SetupStageCallback	0	static
stm32l4xx_hal_pcd.c:1666:13:HAL_PCD_SOFCallback	0	static
stm32l4xx_hal_pcd.c:1681:13:HAL_PCD_ResetCallback	0	static
stm32l4xx_hal_pcd.c:1696:13:HAL_PCD_SuspendCallback	0	static
stm32l4xx_hal_pcd.c:1711:13:HAL_PCD_ResumeCallback	0	static
stm32l4xx_hal_pcd.c:1727:13:HAL_PCD_ISOOUTIncompleteCallback	0	static
stm32l4xx_hal_pcd.c:1744:13:HAL_PCD_ISOINIncompleteCallback	0	static
stm32l4xx_hal_pcd.c:1760:13:HAL_PCD_ConnectCallback	0	static
stm32l4xx_hal_pcd.c:1775:13:HAL_PCD_DisconnectCallback	0	static
stm32l4xx_hal_pcd.c:1033:6:HAL_PCD_IRQHandler	56	static
stm32l4xx_hal_pcd.c:1809:19:HAL_PCD_DevConnect	8	static
stm32l4xx_hal_pcd.c:1822:19:HAL_PCD_DevDisconnect	8	static
stm32l4xx_hal_pcd.c:1836:19:HAL_PCD_SetAddress	8	static
stm32l4xx_hal_pcd.c:1852:19:HAL_PCD_EP_Open	16	static
stm32l4xx_hal_pcd.c:1896:19:HAL_PCD_EP_Close	8	static
stm32l4xx_hal_pcd.c:1927:19:HAL_PCD_EP_Receive	16	static
stm32l4xx_hal_pcd.c:1958:10:HAL_PCD_EP_GetRxCount	0	static
stm32l4xx_hal_pcd.c:1970:19:HAL_PCD_EP_Transmit	16	static
stm32l4xx_hal_pcd.c:2001:19:HAL_PCD_EP_SetStall	16	static
stm32l4xx_hal_pcd.c:2042:19:HAL_PCD_EP_ClrStall	16	static
stm32l4xx_hal_pcd.c:2078:19:HAL_PCD_EP_Flush	8	static
stm32l4xx_hal_pcd.c:2101:19:HAL_PCD_ActivateRemoteWakeup	0	static
stm32l4xx_hal_pcd.c:2111:19:HAL_PCD_DeActivateRemoteWakeup	0	static
stm32l4xx_hal_pcd.c:2140:18:HAL_PCD_GetState	0	static
