ft3x67.c:285:9:ft3x67_TS_ITStatus	0	static
ft3x67.c:298:6:ft3x67_TS_ClearIT	0	static
ft3x67.c:155:10:ft3x67_ReadID	16	static
ft3x67.c:186:9:ft3x67_TS_DetectTouch	16	static
ft3x67.c:259:6:ft3x67_TS_EnableIT	0	static
ft3x67.c:271:6:ft3x67_TS_DisableIT	0	static
ft3x67.c:169:6:ft3x67_TS_Start	8	static
ft3x67.c:218:6:ft3x67_TS_GetXY	24	static
ft3x67.c:143:6:ft3x67_Reset	0	static
ft3x67.c:131:6:ft3x67_Init	8	static
ft3x67.c:310:6:ft3x67_TS_GestureConfig	16	static
ft3x67.c:332:6:ft3x67_TS_GetGestureID	16	static
ft3x67.c:356:6:ft3x67_TS_GetTouchInfo	24	static
