stm32l4xx_hal_msp.c:84:6:HAL_MspInit	8	static
stm32l4xx_hal_msp.c:107:6:HAL_DFSDM_ChannelMspInit	40	static
stm32l4xx_hal_msp.c:145:6:HAL_DFSDM_ChannelMspDeInit	0	static
stm32l4xx_hal_msp.c:176:6:HAL_I2C_MspInit	40	static
stm32l4xx_hal_msp.c:214:6:HAL_I2C_MspDeInit	0	static
stm32l4xx_hal_msp.c:244:6:HAL_QSPI_MspInit	40	static
stm32l4xx_hal_msp.c:287:6:HAL_QSPI_MspDeInit	0	static
stm32l4xx_hal_msp.c:322:6:HAL_SPI_MspInit	40	static
stm32l4xx_hal_msp.c:361:6:HAL_SPI_MspDeInit	0	static
stm32l4xx_hal_msp.c:392:6:HAL_TIM_Base_MspInit	16	static
stm32l4xx_hal_msp.c:419:6:HAL_TIM_Base_MspDeInit	0	static
stm32l4xx_hal_msp.c:445:6:HAL_UART_MspInit	48	static
stm32l4xx_hal_msp.c:510:6:HAL_UART_MspDeInit	8	static
stm32l4xx_hal_msp.c:560:6:HAL_PCD_MspInit	40	static
stm32l4xx_hal_msp.c:617:6:HAL_PCD_MspDeInit	16	static
