stm32l4xx_it.c:105:6:NMI_Handler	0	static
stm32l4xx_it.c:118:6:HardFault_Handler	0	static
stm32l4xx_it.c:133:6:MemManage_Handler	0	static
stm32l4xx_it.c:148:6:BusFault_Handler	0	static
stm32l4xx_it.c:163:6:UsageFault_Handler	0	static
stm32l4xx_it.c:178:6:SVC_Handler	0	static
stm32l4xx_it.c:191:6:DebugMon_Handler	0	static
stm32l4xx_it.c:204:6:PendSV_Handler	0	static
stm32l4xx_it.c:217:6:SysTick_Handler	0	static
stm32l4xx_it.c:238:6:EXTI9_5_IRQHandler	8	static
stm32l4xx_it.c:255:6:USART1_IRQHandler	536	static
stm32l4xx_it.c:402:6:EXTI15_10_IRQHandler	8	static
stm32l4xx_it.c:420:6:TIM6_DAC_IRQHandler	0	static
