vl53l0x_api_core.c:44:15:VL53L0X_reverse_bytes	8	static
vl53l0x_api_core.c:61:15:VL53L0X_measurement_poll_for_completion	24	static
vl53l0x_api_core.c:94:9:VL53L0X_decode_vcsel_period	0	static
vl53l0x_api_core.c:108:9:VL53L0X_encode_vcsel_period	0	static
vl53l0x_api_core.c:123:10:VL53L0X_isqrt	8	static
vl53l0x_api_core.c:155:10:VL53L0X_quadrature_sum	0	static
vl53l0x_api_core.c:178:15:VL53L0X_device_read_strobe	24	static
vl53l0x_api_core.c:211:15:VL53L0X_get_info_from_device	104	static
vl53l0x_api_core.c:478:10:VL53L0X_calc_macro_period_ps	0	static
vl53l0x_api_core.c:499:10:VL53L0X_encode_timeout	0	static
vl53l0x_api_core.c:525:10:VL53L0X_decode_timeout	0	static
vl53l0x_api_core.c:541:10:VL53L0X_calc_timeout_mclks	0	static
vl53l0x_api_core.c:560:10:VL53L0X_calc_timeout_us	8	static
vl53l0x_api_core.c:579:15:get_sequence_step_timeout	40	static
vl53l0x_api_core.c:688:15:set_sequence_step_timeout	40	static
vl53l0x_api_core.c:832:15:VL53L0X_set_vcsel_pulse_period	40	static
vl53l0x_api_core.c:1081:15:VL53L0X_get_vcsel_pulse_period	16	static
vl53l0x_api_core.c:1111:15:VL53L0X_set_measurement_timing_budget_micro_seconds	40	static
vl53l0x_api_core.c:1261:15:VL53L0X_get_measurement_timing_budget_micro_seconds	40	static
vl53l0x_api_core.c:1352:15:VL53L0X_load_tuning_settings	32	static
vl53l0x_api_core.c:1438:15:VL53L0X_get_total_xtalk_rate	24	static
vl53l0x_api_core.c:1474:15:VL53L0X_get_total_signal_rate	16	static
vl53l0x_api_core.c:1495:15:VL53L0X_calc_dmax	24	static
vl53l0x_api_core.c:1687:15:VL53L0X_calc_sigma_estimate	88	static
vl53l0x_api_core.c:2025:15:VL53L0X_get_pal_range_status	80	static
