vl53l0x_api.c:53:15:VL53L0X_GetVersion	0	static
vl53l0x_api.c:68:15:VL53L0X_GetPalSpecVersion	0	static
vl53l0x_api.c:84:15:VL53L0X_GetProductRevision	24	static
vl53l0x_api.c:102:15:VL53L0X_GetDeviceInfo	0	static
vl53l0x_api.c:114:15:VL53L0X_GetDeviceErrorStatus	16	static
vl53l0x_api.c:132:15:VL53L0X_GetDeviceErrorString	0	static
vl53l0x_api.c:145:15:VL53L0X_GetRangeStatusString	0	static
vl53l0x_api.c:158:15:VL53L0X_GetPalErrorString	0	static
vl53l0x_api.c:170:15:VL53L0X_GetPalStateString	0	static
vl53l0x_api.c:182:15:VL53L0X_GetPalState	0	static
vl53l0x_api.c:228:15:VL53L0X_GetPowerMode	16	static
vl53l0x_api.c:251:15:VL53L0X_SetOffsetCalibrationDataMicroMeter	0	static
vl53l0x_api.c:264:15:VL53L0X_GetOffsetCalibrationDataMicroMeter	0	static
vl53l0x_api.c:277:15:VL53L0X_SetLinearityCorrectiveGain	0	static
vl53l0x_api.c:300:15:VL53L0X_GetLinearityCorrectiveGain	0	static
vl53l0x_api.c:312:15:VL53L0X_SetGroupParamHold	0	static
vl53l0x_api.c:323:15:VL53L0X_GetUpperLimitMilliMeter	0	static
vl53l0x_api.c:335:15:VL53L0X_GetTotalSignalRate	56	static
vl53l0x_api.c:355:15:VL53L0X_SetDeviceAddress	0	static
vl53l0x_api.c:498:15:VL53L0X_SetTuningSettingBuffer	0	static
vl53l0x_api.c:525:15:VL53L0X_GetTuningSettingBuffer	0	static
vl53l0x_api.c:719:15:VL53L0X_WaitDeviceBooted	0	static
vl53l0x_api.c:730:15:VL53L0X_ResetDevice	16	static
vl53l0x_api.c:886:15:VL53L0X_SetDeviceMode	0	static
vl53l0x_api.c:910:15:VL53L0X_GetDeviceMode	0	static
vl53l0x_api.c:922:15:VL53L0X_SetRangeFractionEnable	16	static
vl53l0x_api.c:937:15:VL53L0X_GetFractionEnable	8	static
vl53l0x_api.c:951:15:VL53L0X_SetHistogramMode	0	static
vl53l0x_api.c:963:15:VL53L0X_GetHistogramMode	0	static
vl53l0x_api.c:975:15:VL53L0X_SetMeasurementTimingBudgetMicroSeconds	0	static
vl53l0x_api.c:989:15:VL53L0X_GetMeasurementTimingBudgetMicroSeconds	0	static
vl53l0x_api.c:1002:15:VL53L0X_SetVcselPulsePeriod	0	static
vl53l0x_api.c:1015:15:VL53L0X_GetVcselPulsePeriod	0	static
vl53l0x_api.c:1028:15:VL53L0X_SetSequenceStepEnable	32	static
vl53l0x_api.c:1117:15:sequence_step_enabled	0	static
vl53l0x_api.c:1149:15:VL53L0X_GetSequenceStepEnable	24	static
vl53l0x_api.c:1168:15:VL53L0X_GetSequenceStepEnables	16	static
vl53l0x_api.c:1208:15:VL53L0X_GetNumberOfSequenceSteps	0	static
vl53l0x_api.c:1220:15:VL53L0X_GetSequenceStepsInfo	0	static
vl53l0x_api.c:1235:15:VL53L0X_SetSequenceStepTimeout	24	static
vl53l0x_api.c:1289:15:VL53L0X_GetSequenceStepTimeout	16	static
vl53l0x_api.c:1311:15:VL53L0X_SetInterMeasurementPeriodMilliSeconds	24	static
vl53l0x_api.c:1347:15:VL53L0X_GetInterMeasurementPeriodMilliSeconds	24	static
vl53l0x_api.c:1379:15:VL53L0X_SetXTalkCompensationEnable	16	static
vl53l0x_api.c:1417:15:VL53L0X_GetXTalkCompensationEnable	0	static
vl53l0x_api.c:1431:15:VL53L0X_SetXTalkCompensationRateMegaCps	16	static
vl53l0x_api.c:1469:15:VL53L0X_GetXTalkCompensationRateMegaCps	24	static
vl53l0x_api.c:1502:15:VL53L0X_SetRefCalibration	0	static
vl53l0x_api.c:1514:15:VL53L0X_GetRefCalibration	0	static
vl53l0x_api.c:1530:15:VL53L0X_GetNumberOfLimitCheck	0	static
vl53l0x_api.c:1541:15:VL53L0X_GetLimitCheckInfo	0	static
vl53l0x_api.c:1555:15:VL53L0X_GetLimitCheckStatus	0	static
vl53l0x_api.c:1578:15:VL53L0X_SetLimitCheckEnable	16	static
vl53l0x_api.c:1681:15:VL53L0X_GetLimitCheckEnable	0	static
vl53l0x_api.c:1702:15:VL53L0X_SetLimitCheckValue	16	static
vl53l0x_api.c:1779:15:VL53L0X_GetLimitCheckValue	24	static
vl53l0x_api.c:1870:15:VL53L0X_GetLimitCheckCurrent	0	static
vl53l0x_api.c:1944:15:VL53L0X_SetWrapAroundCheckEnable	24	static
vl53l0x_api.c:771:15:VL53L0X_SetDeviceParameters	24	static
vl53l0x_api.c:1976:15:VL53L0X_GetWrapAroundCheckEnable	24	static
vl53l0x_api.c:822:15:VL53L0X_GetDeviceParameters	32	static
vl53l0x_api.c:367:15:VL53L0X_DataInit	88	static
vl53l0x_api.c:2001:15:VL53L0X_SetDmaxCalParameters	8	static
vl53l0x_api.c:2035:15:VL53L0X_GetDmaxCalParameters	0	static
vl53l0x_api.c:2084:15:VL53L0X_PerformSingleHistogramMeasurement	0	static
vl53l0x_api.c:2096:15:VL53L0X_PerformRefCalibration	0	static
vl53l0x_api.c:2109:15:VL53L0X_PerformXTalkMeasurement	0	static
vl53l0x_api.c:2122:15:VL53L0X_PerformXTalkCalibration	0	static
vl53l0x_api.c:2136:15:VL53L0X_PerformOffsetCalibration	0	static
vl53l0x_api.c:2325:15:VL53L0X_WaitDeviceReadyForNewMeasurement	0	static
vl53l0x_api.c:2338:15:VL53L0X_GetRangingMeasurementData	88	static
vl53l0x_api.c:2493:15:VL53L0X_GetMeasurementRefSignal	0	static
vl53l0x_api.c:2506:15:VL53L0X_GetHistogramMeasurementData	0	static
vl53l0x_api.c:2544:15:VL53L0X_SetNumberOfROIZones	0	static
vl53l0x_api.c:2559:15:VL53L0X_GetNumberOfROIZones	0	static
vl53l0x_api.c:2572:15:VL53L0X_GetMaxNumberOfROIZones	0	static
vl53l0x_api.c:2682:15:VL53L0X_GetGpioConfig	32	static
vl53l0x_api.c:2753:15:VL53L0X_SetInterruptThresholds	16	static
vl53l0x_api.c:2777:15:VL53L0X_GetInterruptThresholds	32	static
vl53l0x_api.c:2149:15:VL53L0X_CheckAndLoadInterruptSettings	24	static
vl53l0x_api.c:2195:15:VL53L0X_StartMeasurement	24	static
vl53l0x_api.c:2053:15:VL53L0X_PerformSingleMeasurement	16	static
vl53l0x_api.c:2270:15:VL53L0X_StopMeasurement	8	static
vl53l0x_api.c:2803:15:VL53L0X_GetStopCompletedStatus	24	static
vl53l0x_api.c:2825:15:VL53L0X_ClearInterruptMask	24	static
vl53l0x_api.c:2516:15:VL53L0X_PerformSingleRangingMeasurement	16	static
vl53l0x_api.c:2587:15:VL53L0X_SetGpioConfig	24	static
vl53l0x_api.c:540:15:VL53L0X_StaticInit	104	static
vl53l0x_api.c:193:15:VL53L0X_SetPowerMode	16	static
vl53l0x_api.c:2854:15:VL53L0X_GetInterruptMaskStatus	16	static
vl53l0x_api.c:2290:15:VL53L0X_GetMeasurementDataReady	16	static
vl53l0x_api.c:2871:15:VL53L0X_EnableInterruptMask	0	static
vl53l0x_api.c:2886:15:VL53L0X_SetSpadAmbientDamperThreshold	16	static
vl53l0x_api.c:2900:15:VL53L0X_GetSpadAmbientDamperThreshold	16	static
vl53l0x_api.c:2914:15:VL53L0X_SetSpadAmbientDamperFactor	16	static
vl53l0x_api.c:2931:15:VL53L0X_GetSpadAmbientDamperFactor	24	static
vl53l0x_api.c:2953:15:VL53L0X_SetReferenceSpads	0	static
vl53l0x_api.c:2966:15:VL53L0X_GetReferenceSpads	0	static
vl53l0x_api.c:2979:15:VL53L0X_PerformRefSpadManagement	0	static
