vl53l0x_tof.c:66:5:_I2CWrite	16	static
vl53l0x_tof.c:75:5:_I2CRead	16	static
vl53l0x_tof.c:84:15:VL53L0X_RdByte	24	static
vl53l0x_tof.c:108:15:VL53L0X_WriteMulti	24	static
vl53l0x_tof.c:129:15:VL53L0X_ReadMulti	32	static
vl53l0x_tof.c:150:15:VL53L0X_RdWord	24	static
vl53l0x_tof.c:173:15:VL53L0X_RdDWord	24	static
vl53l0x_tof.c:197:15:VL53L0X_WrByte	8	static
vl53l0x_tof.c:213:15:VL53L0X_WrWord	8	static
vl53l0x_tof.c:230:15:VL53L0X_UpdateByte	32	static
vl53l0x_tof.c:246:15:VL53L0X_WrDWord	8	static
vl53l0x_tof.c:263:15:VL53L0X_PollingDelay	8	static
vl53l0x_tof.c:274:6:SetupSingleShot	16	static
